[0.009s] Invoking command in '/home/rudrarathod/ros2_ws/build/household_robot_simulation': CMAKE_PREFIX_PATH=${CMAKE_PREFIX_PATH}:/opt/ros/jazzy DEBUGINFOD_URLS=https://debuginfod.ubuntu.com /usr/bin/cmake --build /home/rudrarathod/ros2_ws/build/household_robot_simulation -- -j8 -l8
[0.038s] Invoked command in '/home/rudrarathod/ros2_ws/build/household_robot_simulation' returned '0': CMAKE_PREFIX_PATH=${CMAKE_PREFIX_PATH}:/opt/ros/jazzy DEBUGINFOD_URLS=https://debuginfod.ubuntu.com /usr/bin/cmake --build /home/rudrarathod/ros2_ws/build/household_robot_simulation -- -j8 -l8
[0.046s] Invoking command in '/home/rudrarathod/ros2_ws/build/household_robot_simulation': CMAKE_PREFIX_PATH=${CMAKE_PREFIX_PATH}:/opt/ros/jazzy DEBUGINFOD_URLS=https://debuginfod.ubuntu.com /usr/bin/cmake --install /home/rudrarathod/ros2_ws/build/household_robot_simulation
[0.052s] -- Install configuration: ""
[0.052s] -- Execute custom install script
[0.052s] -- Up-to-date symlink: /home/rudrarathod/ros2_ws/install/household_robot_simulation/share/household_robot_simulation/launch/simulation.launch.py
[0.053s] -- Up-to-date symlink: /home/rudrarathod/ros2_ws/install/household_robot_simulation/share/household_robot_simulation/worlds/house.sdf
[0.053s] -- Up-to-date symlink: /home/rudrarathod/ros2_ws/install/household_robot_simulation/share/ament_index/resource_index/package_run_dependencies/household_robot_simulation
[0.053s] -- Up-to-date symlink: /home/rudrarathod/ros2_ws/install/household_robot_simulation/share/ament_index/resource_index/parent_prefix_path/household_robot_simulation
[0.053s] -- Up-to-date symlink: /home/rudrarathod/ros2_ws/install/household_robot_simulation/share/household_robot_simulation/environment/ament_prefix_path.sh
[0.053s] -- Up-to-date symlink: /home/rudrarathod/ros2_ws/install/household_robot_simulation/share/household_robot_simulation/environment/ament_prefix_path.dsv
[0.053s] -- Up-to-date symlink: /home/rudrarathod/ros2_ws/install/household_robot_simulation/share/household_robot_simulation/environment/path.sh
[0.053s] -- Up-to-date symlink: /home/rudrarathod/ros2_ws/install/household_robot_simulation/share/household_robot_simulation/environment/path.dsv
[0.053s] -- Up-to-date symlink: /home/rudrarathod/ros2_ws/install/household_robot_simulation/share/household_robot_simulation/local_setup.bash
[0.053s] -- Up-to-date symlink: /home/rudrarathod/ros2_ws/install/household_robot_simulation/share/household_robot_simulation/local_setup.sh
[0.054s] -- Up-to-date symlink: /home/rudrarathod/ros2_ws/install/household_robot_simulation/share/household_robot_simulation/local_setup.zsh
[0.054s] -- Up-to-date symlink: /home/rudrarathod/ros2_ws/install/household_robot_simulation/share/household_robot_simulation/local_setup.dsv
[0.054s] -- Symlinking: /home/rudrarathod/ros2_ws/install/household_robot_simulation/share/household_robot_simulation/package.dsv
[0.061s] -- Up-to-date symlink: /home/rudrarathod/ros2_ws/install/household_robot_simulation/share/ament_index/resource_index/packages/household_robot_simulation
[0.061s] -- Up-to-date symlink: /home/rudrarathod/ros2_ws/install/household_robot_simulation/share/household_robot_simulation/cmake/household_robot_simulationConfig.cmake
[0.061s] -- Up-to-date symlink: /home/rudrarathod/ros2_ws/install/household_robot_simulation/share/household_robot_simulation/cmake/household_robot_simulationConfig-version.cmake
[0.061s] -- Up-to-date symlink: /home/rudrarathod/ros2_ws/install/household_robot_simulation/share/household_robot_simulation/package.xml
[0.062s] Invoked command in '/home/rudrarathod/ros2_ws/build/household_robot_simulation' returned '0': CMAKE_PREFIX_PATH=${CMAKE_PREFIX_PATH}:/opt/ros/jazzy DEBUGINFOD_URLS=https://debuginfod.ubuntu.com /usr/bin/cmake --install /home/rudrarathod/ros2_ws/build/household_robot_simulation
