[0.433s] DEBUG:colcon:Command line arguments: ['/usr/bin/colcon', 'build', '--symlink-install', '--packages-select', 'household_robot_simulation']
[0.433s] DEBUG:colcon:Parsed command line arguments: Namespace(log_base=None, log_level=None, verb_name='build', build_base='build', install_base='install', merge_install=False, symlink_install=True, test_result_base=None, continue_on_error=False, executor='parallel', parallel_workers=8, event_handlers=None, ignore_user_meta=False, metas=['./colcon.meta'], base_paths=['.'], packages_ignore=None, packages_ignore_regex=None, paths=None, packages_up_to=None, packages_up_to_regex=None, packages_above=None, packages_above_and_dependencies=None, packages_above_depth=None, packages_select_by_dep=None, packages_skip_by_dep=None, packages_skip_up_to=None, packages_select_build_failed=False, packages_skip_build_finished=False, packages_select_test_failures=False, packages_skip_test_passed=False, packages_select=['household_robot_simulation'], packages_skip=None, packages_select_regex=None, packages_skip_regex=None, packages_start=None, packages_end=None, allow_overriding=[], cmake_args=None, cmake_target=None, cmake_target_skip_unavailable=False, cmake_clean_cache=False, cmake_clean_first=False, cmake_force_configure=False, ament_cmake_args=None, catkin_cmake_args=None, catkin_skip_building_tests=False, mixin_files=None, mixin=None, verb_parser=<colcon_mixin.mixin.mixin_argument.MixinArgumentDecorator object at 0x7f58324b0bc0>, verb_extension=<colcon_core.verb.build.BuildVerb object at 0x7f583247bdd0>, main=<bound method BuildVerb.main of <colcon_core.verb.build.BuildVerb object at 0x7f583247bdd0>>, mixin_verb=('build',))
[0.564s] Level 1:colcon.colcon_core.package_discovery:discover_packages(colcon_meta) check parameters
[0.564s] Level 1:colcon.colcon_core.package_discovery:discover_packages(recursive) check parameters
[0.565s] Level 1:colcon.colcon_core.package_discovery:discover_packages(ignore) check parameters
[0.565s] Level 1:colcon.colcon_core.package_discovery:discover_packages(path) check parameters
[0.565s] Level 1:colcon.colcon_core.package_discovery:discover_packages(colcon_meta) discover
[0.565s] Level 1:colcon.colcon_core.package_discovery:discover_packages(recursive) discover
[0.565s] INFO:colcon.colcon_core.package_discovery:Crawling recursively for packages in '/home/rudrarathod/ros2_ws'
[0.565s] Level 1:colcon.colcon_core.package_identification:_identify(.) by extensions ['ignore', 'ignore_ament_install']
[0.566s] Level 1:colcon.colcon_core.package_identification:_identify(.) by extension 'ignore'
[0.566s] Level 1:colcon.colcon_core.package_identification:_identify(.) by extension 'ignore_ament_install'
[0.566s] Level 1:colcon.colcon_core.package_identification:_identify(.) by extensions ['colcon_pkg']
[0.566s] Level 1:colcon.colcon_core.package_identification:_identify(.) by extension 'colcon_pkg'
[0.566s] Level 1:colcon.colcon_core.package_identification:_identify(.) by extensions ['colcon_meta']
[0.566s] Level 1:colcon.colcon_core.package_identification:_identify(.) by extension 'colcon_meta'
[0.567s] Level 1:colcon.colcon_core.package_identification:_identify(.) by extensions ['ros']
[0.567s] Level 1:colcon.colcon_core.package_identification:_identify(.) by extension 'ros'
[0.641s] Level 1:colcon.colcon_core.package_identification:_identify(.) by extensions ['cmake', 'python']
[0.641s] Level 1:colcon.colcon_core.package_identification:_identify(.) by extension 'cmake'
[0.641s] Level 1:colcon.colcon_core.package_identification:_identify(.) by extension 'python'
[0.641s] Level 1:colcon.colcon_core.package_identification:_identify(.) by extensions ['python_setup_py']
[0.641s] Level 1:colcon.colcon_core.package_identification:_identify(.) by extension 'python_setup_py'
[0.642s] Level 1:colcon.colcon_core.package_identification:_identify(build) by extensions ['ignore', 'ignore_ament_install']
[0.642s] Level 1:colcon.colcon_core.package_identification:_identify(build) by extension 'ignore'
[0.642s] Level 1:colcon.colcon_core.package_identification:_identify(build) ignored
[0.643s] Level 1:colcon.colcon_core.package_identification:_identify(install) by extensions ['ignore', 'ignore_ament_install']
[0.643s] Level 1:colcon.colcon_core.package_identification:_identify(install) by extension 'ignore'
[0.643s] Level 1:colcon.colcon_core.package_identification:_identify(install) ignored
[0.643s] Level 1:colcon.colcon_core.package_identification:_identify(log) by extensions ['ignore', 'ignore_ament_install']
[0.643s] Level 1:colcon.colcon_core.package_identification:_identify(log) by extension 'ignore'
[0.644s] Level 1:colcon.colcon_core.package_identification:_identify(log) ignored
[0.644s] Level 1:colcon.colcon_core.package_identification:_identify(src) by extensions ['ignore', 'ignore_ament_install']
[0.644s] Level 1:colcon.colcon_core.package_identification:_identify(src) by extension 'ignore'
[0.644s] Level 1:colcon.colcon_core.package_identification:_identify(src) by extension 'ignore_ament_install'
[0.644s] Level 1:colcon.colcon_core.package_identification:_identify(src) by extensions ['colcon_pkg']
[0.644s] Level 1:colcon.colcon_core.package_identification:_identify(src) by extension 'colcon_pkg'
[0.644s] Level 1:colcon.colcon_core.package_identification:_identify(src) by extensions ['colcon_meta']
[0.645s] Level 1:colcon.colcon_core.package_identification:_identify(src) by extension 'colcon_meta'
[0.645s] Level 1:colcon.colcon_core.package_identification:_identify(src) by extensions ['ros']
[0.645s] Level 1:colcon.colcon_core.package_identification:_identify(src) by extension 'ros'
[0.645s] Level 1:colcon.colcon_core.package_identification:_identify(src) by extensions ['cmake', 'python']
[0.645s] Level 1:colcon.colcon_core.package_identification:_identify(src) by extension 'cmake'
[0.645s] Level 1:colcon.colcon_core.package_identification:_identify(src) by extension 'python'
[0.645s] Level 1:colcon.colcon_core.package_identification:_identify(src) by extensions ['python_setup_py']
[0.645s] Level 1:colcon.colcon_core.package_identification:_identify(src) by extension 'python_setup_py'
[0.645s] Level 1:colcon.colcon_core.package_identification:_identify(src/household_robot_simulation) by extensions ['ignore', 'ignore_ament_install']
[0.646s] Level 1:colcon.colcon_core.package_identification:_identify(src/household_robot_simulation) by extension 'ignore'
[0.646s] Level 1:colcon.colcon_core.package_identification:_identify(src/household_robot_simulation) by extension 'ignore_ament_install'
[0.646s] Level 1:colcon.colcon_core.package_identification:_identify(src/household_robot_simulation) by extensions ['colcon_pkg']
[0.646s] Level 1:colcon.colcon_core.package_identification:_identify(src/household_robot_simulation) by extension 'colcon_pkg'
[0.646s] Level 1:colcon.colcon_core.package_identification:_identify(src/household_robot_simulation) by extensions ['colcon_meta']
[0.646s] Level 1:colcon.colcon_core.package_identification:_identify(src/household_robot_simulation) by extension 'colcon_meta'
[0.646s] Level 1:colcon.colcon_core.package_identification:_identify(src/household_robot_simulation) by extensions ['ros']
[0.646s] Level 1:colcon.colcon_core.package_identification:_identify(src/household_robot_simulation) by extension 'ros'
[0.653s] DEBUG:colcon.colcon_core.package_identification:Package 'src/household_robot_simulation' with type 'ros.ament_cmake' and name 'household_robot_simulation'
[0.653s] Level 1:colcon.colcon_core.package_discovery:discover_packages(recursive) using defaults
[0.653s] Level 1:colcon.colcon_core.package_discovery:discover_packages(ignore) discover
[0.653s] Level 1:colcon.colcon_core.package_discovery:discover_packages(ignore) using defaults
[0.653s] Level 1:colcon.colcon_core.package_discovery:discover_packages(path) discover
[0.653s] Level 1:colcon.colcon_core.package_discovery:discover_packages(path) using defaults
[0.707s] Level 1:colcon.colcon_core.package_discovery:discover_packages(prefix_path) check parameters
[0.707s] Level 1:colcon.colcon_core.package_discovery:discover_packages(prefix_path) discover
[0.720s] DEBUG:colcon.colcon_installed_package_information.package_discovery:Found 483 installed packages in /opt/ros/jazzy
[0.725s] Level 1:colcon.colcon_core.package_discovery:discover_packages(prefix_path) using defaults
[0.887s] Level 5:colcon.colcon_core.verb:set package 'household_robot_simulation' build argument 'cmake_args' from command line to 'None'
[0.887s] Level 5:colcon.colcon_core.verb:set package 'household_robot_simulation' build argument 'cmake_target' from command line to 'None'
[0.887s] Level 5:colcon.colcon_core.verb:set package 'household_robot_simulation' build argument 'cmake_target_skip_unavailable' from command line to 'False'
[0.887s] Level 5:colcon.colcon_core.verb:set package 'household_robot_simulation' build argument 'cmake_clean_cache' from command line to 'False'
[0.887s] Level 5:colcon.colcon_core.verb:set package 'household_robot_simulation' build argument 'cmake_clean_first' from command line to 'False'
[0.887s] Level 5:colcon.colcon_core.verb:set package 'household_robot_simulation' build argument 'cmake_force_configure' from command line to 'False'
[0.887s] Level 5:colcon.colcon_core.verb:set package 'household_robot_simulation' build argument 'ament_cmake_args' from command line to 'None'
[0.888s] Level 5:colcon.colcon_core.verb:set package 'household_robot_simulation' build argument 'catkin_cmake_args' from command line to 'None'
[0.888s] Level 5:colcon.colcon_core.verb:set package 'household_robot_simulation' build argument 'catkin_skip_building_tests' from command line to 'False'
[0.888s] DEBUG:colcon.colcon_core.verb:Building package 'household_robot_simulation' with the following arguments: {'ament_cmake_args': None, 'build_base': '/home/rudrarathod/ros2_ws/build/household_robot_simulation', 'catkin_cmake_args': None, 'catkin_skip_building_tests': False, 'cmake_args': None, 'cmake_clean_cache': False, 'cmake_clean_first': False, 'cmake_force_configure': False, 'cmake_target': None, 'cmake_target_skip_unavailable': False, 'install_base': '/home/rudrarathod/ros2_ws/install/household_robot_simulation', 'merge_install': False, 'path': '/home/rudrarathod/ros2_ws/src/household_robot_simulation', 'symlink_install': True, 'test_result_base': None}
[0.888s] INFO:colcon.colcon_core.executor:Executing jobs using 'parallel' executor
[0.889s] DEBUG:colcon.colcon_parallel_executor.executor.parallel:run_until_complete
[0.890s] INFO:colcon.colcon_ros.task.ament_cmake.build:Building ROS package in '/home/rudrarathod/ros2_ws/src/household_robot_simulation' with build type 'ament_cmake'
[0.890s] INFO:colcon.colcon_cmake.task.cmake.build:Building CMake package in '/home/rudrarathod/ros2_ws/src/household_robot_simulation'
[0.897s] INFO:colcon.colcon_core.plugin_system:Skipping extension 'colcon_core.shell.bat': Not used on non-Windows systems
[0.897s] INFO:colcon.colcon_core.shell:Skip shell extension 'powershell' for command environment: Not usable outside of PowerShell
[0.897s] DEBUG:colcon.colcon_core.shell:Skip shell extension 'dsv' for command environment
[0.921s] DEBUG:colcon.colcon_core.event_handler.log_command:Invoking command in '/home/rudrarathod/ros2_ws/build/household_robot_simulation': CMAKE_PREFIX_PATH=${CMAKE_PREFIX_PATH}:/opt/ros/jazzy DEBUGINFOD_URLS=https://debuginfod.ubuntu.com /usr/bin/cmake --build /home/rudrarathod/ros2_ws/build/household_robot_simulation -- -j8 -l8
[1.051s] DEBUG:colcon.colcon_core.event_handler.log_command:Invoked command in '/home/rudrarathod/ros2_ws/build/household_robot_simulation' returned '0': CMAKE_PREFIX_PATH=${CMAKE_PREFIX_PATH}:/opt/ros/jazzy DEBUGINFOD_URLS=https://debuginfod.ubuntu.com /usr/bin/cmake --build /home/rudrarathod/ros2_ws/build/household_robot_simulation -- -j8 -l8
[1.077s] DEBUG:colcon.colcon_core.event_handler.log_command:Invoking command in '/home/rudrarathod/ros2_ws/build/household_robot_simulation': CMAKE_PREFIX_PATH=${CMAKE_PREFIX_PATH}:/opt/ros/jazzy DEBUGINFOD_URLS=https://debuginfod.ubuntu.com /usr/bin/cmake --install /home/rudrarathod/ros2_ws/build/household_robot_simulation
[1.154s] Level 1:colcon.colcon_core.environment:create_environment_scripts_only(household_robot_simulation)
[1.156s] DEBUG:colcon.colcon_core.event_handler.log_command:Invoked command in '/home/rudrarathod/ros2_ws/build/household_robot_simulation' returned '0': CMAKE_PREFIX_PATH=${CMAKE_PREFIX_PATH}:/opt/ros/jazzy DEBUGINFOD_URLS=https://debuginfod.ubuntu.com /usr/bin/cmake --install /home/rudrarathod/ros2_ws/build/household_robot_simulation
[1.164s] Level 1:colcon.colcon_core.environment:checking '/home/rudrarathod/ros2_ws/install/household_robot_simulation' for CMake module files
[1.168s] Level 1:colcon.colcon_core.environment:checking '/home/rudrarathod/ros2_ws/install/household_robot_simulation' for CMake config files
[1.169s] Level 1:colcon.colcon_core.shell:create_environment_hook('household_robot_simulation', 'cmake_prefix_path')
[1.170s] INFO:colcon.colcon_core.shell:Creating environment hook '/home/rudrarathod/ros2_ws/install/household_robot_simulation/share/household_robot_simulation/hook/cmake_prefix_path.ps1'
[1.171s] INFO:colcon.colcon_core.shell:Creating environment descriptor '/home/rudrarathod/ros2_ws/install/household_robot_simulation/share/household_robot_simulation/hook/cmake_prefix_path.dsv'
[1.174s] INFO:colcon.colcon_core.shell:Creating environment hook '/home/rudrarathod/ros2_ws/install/household_robot_simulation/share/household_robot_simulation/hook/cmake_prefix_path.sh'
[1.176s] Level 1:colcon.colcon_core.environment:checking '/home/rudrarathod/ros2_ws/install/household_robot_simulation/lib'
[1.177s] Level 1:colcon.colcon_core.environment:checking '/home/rudrarathod/ros2_ws/install/household_robot_simulation/bin'
[1.177s] Level 1:colcon.colcon_core.environment:checking '/home/rudrarathod/ros2_ws/install/household_robot_simulation/lib/pkgconfig/household_robot_simulation.pc'
[1.178s] Level 1:colcon.colcon_core.environment:checking '/home/rudrarathod/ros2_ws/install/household_robot_simulation/lib/python3.12/site-packages'
[1.183s] Level 1:colcon.colcon_core.environment:checking '/home/rudrarathod/ros2_ws/install/household_robot_simulation/bin'
[1.183s] INFO:colcon.colcon_core.shell:Creating package script '/home/rudrarathod/ros2_ws/install/household_robot_simulation/share/household_robot_simulation/package.ps1'
[1.187s] INFO:colcon.colcon_core.shell:Creating package descriptor '/home/rudrarathod/ros2_ws/install/household_robot_simulation/share/household_robot_simulation/package.dsv'
[1.192s] INFO:colcon.colcon_core.shell:Creating package script '/home/rudrarathod/ros2_ws/install/household_robot_simulation/share/household_robot_simulation/package.sh'
[1.193s] INFO:colcon.colcon_core.shell:Creating package script '/home/rudrarathod/ros2_ws/install/household_robot_simulation/share/household_robot_simulation/package.bash'
[1.195s] INFO:colcon.colcon_core.shell:Creating package script '/home/rudrarathod/ros2_ws/install/household_robot_simulation/share/household_robot_simulation/package.zsh'
[1.198s] Level 1:colcon.colcon_core.environment:create_file_with_runtime_dependencies(/home/rudrarathod/ros2_ws/install/household_robot_simulation/share/colcon-core/packages/household_robot_simulation)
[1.199s] Level 1:colcon.colcon_core.environment:create_environment_scripts_only(household_robot_simulation)
[1.200s] Level 1:colcon.colcon_core.environment:checking '/home/rudrarathod/ros2_ws/install/household_robot_simulation' for CMake module files
[1.203s] Level 1:colcon.colcon_core.environment:checking '/home/rudrarathod/ros2_ws/install/household_robot_simulation' for CMake config files
[1.204s] Level 1:colcon.colcon_core.shell:create_environment_hook('household_robot_simulation', 'cmake_prefix_path')
[1.204s] INFO:colcon.colcon_core.shell:Creating environment hook '/home/rudrarathod/ros2_ws/install/household_robot_simulation/share/household_robot_simulation/hook/cmake_prefix_path.ps1'
[1.205s] INFO:colcon.colcon_core.shell:Creating environment descriptor '/home/rudrarathod/ros2_ws/install/household_robot_simulation/share/household_robot_simulation/hook/cmake_prefix_path.dsv'
[1.206s] INFO:colcon.colcon_core.shell:Creating environment hook '/home/rudrarathod/ros2_ws/install/household_robot_simulation/share/household_robot_simulation/hook/cmake_prefix_path.sh'
[1.208s] Level 1:colcon.colcon_core.environment:checking '/home/rudrarathod/ros2_ws/install/household_robot_simulation/lib'
[1.209s] Level 1:colcon.colcon_core.environment:checking '/home/rudrarathod/ros2_ws/install/household_robot_simulation/bin'
[1.209s] Level 1:colcon.colcon_core.environment:checking '/home/rudrarathod/ros2_ws/install/household_robot_simulation/lib/pkgconfig/household_robot_simulation.pc'
[1.211s] Level 1:colcon.colcon_core.environment:checking '/home/rudrarathod/ros2_ws/install/household_robot_simulation/lib/python3.12/site-packages'
[1.212s] Level 1:colcon.colcon_core.environment:checking '/home/rudrarathod/ros2_ws/install/household_robot_simulation/bin'
[1.212s] INFO:colcon.colcon_core.shell:Creating package script '/home/rudrarathod/ros2_ws/install/household_robot_simulation/share/household_robot_simulation/package.ps1'
[1.214s] INFO:colcon.colcon_core.shell:Creating package descriptor '/home/rudrarathod/ros2_ws/install/household_robot_simulation/share/household_robot_simulation/package.dsv'
[1.215s] INFO:colcon.colcon_core.shell:Creating package script '/home/rudrarathod/ros2_ws/install/household_robot_simulation/share/household_robot_simulation/package.sh'
[1.216s] INFO:colcon.colcon_core.shell:Creating package script '/home/rudrarathod/ros2_ws/install/household_robot_simulation/share/household_robot_simulation/package.bash'
[1.217s] INFO:colcon.colcon_core.shell:Creating package script '/home/rudrarathod/ros2_ws/install/household_robot_simulation/share/household_robot_simulation/package.zsh'
[1.218s] Level 1:colcon.colcon_core.environment:create_file_with_runtime_dependencies(/home/rudrarathod/ros2_ws/install/household_robot_simulation/share/colcon-core/packages/household_robot_simulation)
[1.218s] DEBUG:colcon.colcon_parallel_executor.executor.parallel:closing loop
[1.219s] DEBUG:colcon.colcon_parallel_executor.executor.parallel:loop closed
[1.219s] DEBUG:colcon.colcon_parallel_executor.executor.parallel:run_until_complete finished with '0'
[1.219s] DEBUG:colcon.colcon_core.event_reactor:joining thread
[1.240s] INFO:colcon.colcon_core.plugin_system:Skipping extension 'colcon_notification.desktop_notification.terminal_notifier': Not used on non-Darwin systems
[1.240s] INFO:colcon.colcon_core.plugin_system:Skipping extension 'colcon_notification.desktop_notification.win32': Not used on non-Windows systems
[1.240s] INFO:colcon.colcon_notification.desktop_notification:Sending desktop notification using 'notify2'
[1.283s] DEBUG:colcon.colcon_core.event_reactor:joined thread
[1.284s] INFO:colcon.colcon_core.shell:Creating prefix script '/home/rudrarathod/ros2_ws/install/local_setup.ps1'
[1.286s] INFO:colcon.colcon_core.shell:Creating prefix util module '/home/rudrarathod/ros2_ws/install/_local_setup_util_ps1.py'
[1.297s] INFO:colcon.colcon_core.shell:Creating prefix chain script '/home/rudrarathod/ros2_ws/install/setup.ps1'
[1.303s] INFO:colcon.colcon_core.shell:Creating prefix script '/home/rudrarathod/ros2_ws/install/local_setup.sh'
[1.308s] INFO:colcon.colcon_core.shell:Creating prefix util module '/home/rudrarathod/ros2_ws/install/_local_setup_util_sh.py'
[1.313s] INFO:colcon.colcon_core.shell:Creating prefix chain script '/home/rudrarathod/ros2_ws/install/setup.sh'
[1.321s] INFO:colcon.colcon_core.shell:Creating prefix script '/home/rudrarathod/ros2_ws/install/local_setup.bash'
[1.322s] INFO:colcon.colcon_core.shell:Creating prefix chain script '/home/rudrarathod/ros2_ws/install/setup.bash'
[1.327s] INFO:colcon.colcon_core.shell:Creating prefix script '/home/rudrarathod/ros2_ws/install/local_setup.zsh'
[1.329s] INFO:colcon.colcon_core.shell:Creating prefix chain script '/home/rudrarathod/ros2_ws/install/setup.zsh'
