[0.160s] DEBUG:colcon:Command line arguments: ['/usr/bin/colcon', 'build', '--symlink-install', '--packages-select', 'household_robot_simulation']
[0.160s] DEBUG:colcon:Parsed command line arguments: Namespace(log_base=None, log_level=None, verb_name='build', build_base='build', install_base='install', merge_install=False, symlink_install=True, test_result_base=None, continue_on_error=False, executor='parallel', parallel_workers=8, event_handlers=None, ignore_user_meta=False, metas=['./colcon.meta'], base_paths=['.'], packages_ignore=None, packages_ignore_regex=None, paths=None, packages_up_to=None, packages_up_to_regex=None, packages_above=None, packages_above_and_dependencies=None, packages_above_depth=None, packages_select_by_dep=None, packages_skip_by_dep=None, packages_skip_up_to=None, packages_select_build_failed=False, packages_skip_build_finished=False, packages_select_test_failures=False, packages_skip_test_passed=False, packages_select=['household_robot_simulation'], packages_skip=None, packages_select_regex=None, packages_skip_regex=None, packages_start=None, packages_end=None, allow_overriding=[], cmake_args=None, cmake_target=None, cmake_target_skip_unavailable=False, cmake_clean_cache=False, cmake_clean_first=False, cmake_force_configure=False, ament_cmake_args=None, catkin_cmake_args=None, catkin_skip_building_tests=False, mixin_files=None, mixin=None, verb_parser=<colcon_mixin.mixin.mixin_argument.MixinArgumentDecorator object at 0x7976dd4bd490>, verb_extension=<colcon_core.verb.build.BuildVerb object at 0x7976dd5d5760>, main=<bound method BuildVerb.main of <colcon_core.verb.build.BuildVerb object at 0x7976dd5d5760>>, mixin_verb=('build',))
[0.211s] Level 1:colcon.colcon_core.package_discovery:discover_packages(colcon_meta) check parameters
[0.211s] Level 1:colcon.colcon_core.package_discovery:discover_packages(recursive) check parameters
[0.211s] Level 1:colcon.colcon_core.package_discovery:discover_packages(ignore) check parameters
[0.211s] Level 1:colcon.colcon_core.package_discovery:discover_packages(path) check parameters
[0.211s] Level 1:colcon.colcon_core.package_discovery:discover_packages(colcon_meta) discover
[0.211s] Level 1:colcon.colcon_core.package_discovery:discover_packages(recursive) discover
[0.211s] INFO:colcon.colcon_core.package_discovery:Crawling recursively for packages in '/home/rudrarathod/ros2_ws'
[0.211s] Level 1:colcon.colcon_core.package_identification:_identify(.) by extensions ['ignore', 'ignore_ament_install']
[0.212s] Level 1:colcon.colcon_core.package_identification:_identify(.) by extension 'ignore'
[0.212s] Level 1:colcon.colcon_core.package_identification:_identify(.) by extension 'ignore_ament_install'
[0.212s] Level 1:colcon.colcon_core.package_identification:_identify(.) by extensions ['colcon_pkg']
[0.212s] Level 1:colcon.colcon_core.package_identification:_identify(.) by extension 'colcon_pkg'
[0.212s] Level 1:colcon.colcon_core.package_identification:_identify(.) by extensions ['colcon_meta']
[0.212s] Level 1:colcon.colcon_core.package_identification:_identify(.) by extension 'colcon_meta'
[0.212s] Level 1:colcon.colcon_core.package_identification:_identify(.) by extensions ['ros']
[0.212s] Level 1:colcon.colcon_core.package_identification:_identify(.) by extension 'ros'
[0.242s] Level 1:colcon.colcon_core.package_identification:_identify(.) by extensions ['cmake', 'python']
[0.242s] Level 1:colcon.colcon_core.package_identification:_identify(.) by extension 'cmake'
[0.242s] Level 1:colcon.colcon_core.package_identification:_identify(.) by extension 'python'
[0.242s] Level 1:colcon.colcon_core.package_identification:_identify(.) by extensions ['python_setup_py']
[0.242s] Level 1:colcon.colcon_core.package_identification:_identify(.) by extension 'python_setup_py'
[0.242s] Level 1:colcon.colcon_core.package_identification:_identify(build) by extensions ['ignore', 'ignore_ament_install']
[0.242s] Level 1:colcon.colcon_core.package_identification:_identify(build) by extension 'ignore'
[0.242s] Level 1:colcon.colcon_core.package_identification:_identify(build) ignored
[0.242s] Level 1:colcon.colcon_core.package_identification:_identify(install) by extensions ['ignore', 'ignore_ament_install']
[0.242s] Level 1:colcon.colcon_core.package_identification:_identify(install) by extension 'ignore'
[0.242s] Level 1:colcon.colcon_core.package_identification:_identify(install) ignored
[0.242s] Level 1:colcon.colcon_core.package_identification:_identify(log) by extensions ['ignore', 'ignore_ament_install']
[0.243s] Level 1:colcon.colcon_core.package_identification:_identify(log) by extension 'ignore'
[0.243s] Level 1:colcon.colcon_core.package_identification:_identify(log) ignored
[0.243s] Level 1:colcon.colcon_core.package_identification:_identify(src) by extensions ['ignore', 'ignore_ament_install']
[0.243s] Level 1:colcon.colcon_core.package_identification:_identify(src) by extension 'ignore'
[0.243s] Level 1:colcon.colcon_core.package_identification:_identify(src) by extension 'ignore_ament_install'
[0.243s] Level 1:colcon.colcon_core.package_identification:_identify(src) by extensions ['colcon_pkg']
[0.243s] Level 1:colcon.colcon_core.package_identification:_identify(src) by extension 'colcon_pkg'
[0.243s] Level 1:colcon.colcon_core.package_identification:_identify(src) by extensions ['colcon_meta']
[0.243s] Level 1:colcon.colcon_core.package_identification:_identify(src) by extension 'colcon_meta'
[0.243s] Level 1:colcon.colcon_core.package_identification:_identify(src) by extensions ['ros']
[0.243s] Level 1:colcon.colcon_core.package_identification:_identify(src) by extension 'ros'
[0.243s] Level 1:colcon.colcon_core.package_identification:_identify(src) by extensions ['cmake', 'python']
[0.243s] Level 1:colcon.colcon_core.package_identification:_identify(src) by extension 'cmake'
[0.243s] Level 1:colcon.colcon_core.package_identification:_identify(src) by extension 'python'
[0.243s] Level 1:colcon.colcon_core.package_identification:_identify(src) by extensions ['python_setup_py']
[0.243s] Level 1:colcon.colcon_core.package_identification:_identify(src) by extension 'python_setup_py'
[0.243s] Level 1:colcon.colcon_core.package_identification:_identify(src/household_robot_simulation) by extensions ['ignore', 'ignore_ament_install']
[0.243s] Level 1:colcon.colcon_core.package_identification:_identify(src/household_robot_simulation) by extension 'ignore'
[0.243s] Level 1:colcon.colcon_core.package_identification:_identify(src/household_robot_simulation) by extension 'ignore_ament_install'
[0.243s] Level 1:colcon.colcon_core.package_identification:_identify(src/household_robot_simulation) by extensions ['colcon_pkg']
[0.243s] Level 1:colcon.colcon_core.package_identification:_identify(src/household_robot_simulation) by extension 'colcon_pkg'
[0.243s] Level 1:colcon.colcon_core.package_identification:_identify(src/household_robot_simulation) by extensions ['colcon_meta']
[0.243s] Level 1:colcon.colcon_core.package_identification:_identify(src/household_robot_simulation) by extension 'colcon_meta'
[0.244s] Level 1:colcon.colcon_core.package_identification:_identify(src/household_robot_simulation) by extensions ['ros']
[0.244s] Level 1:colcon.colcon_core.package_identification:_identify(src/household_robot_simulation) by extension 'ros'
[0.247s] DEBUG:colcon.colcon_core.package_identification:Package 'src/household_robot_simulation' with type 'ros.ament_cmake' and name 'household_robot_simulation'
[0.247s] Level 1:colcon.colcon_core.package_identification:_identify(temp_venv) by extensions ['ignore', 'ignore_ament_install']
[0.247s] Level 1:colcon.colcon_core.package_identification:_identify(temp_venv) by extension 'ignore'
[0.247s] Level 1:colcon.colcon_core.package_identification:_identify(temp_venv) by extension 'ignore_ament_install'
[0.248s] Level 1:colcon.colcon_core.package_identification:_identify(temp_venv) by extensions ['colcon_pkg']
[0.248s] Level 1:colcon.colcon_core.package_identification:_identify(temp_venv) by extension 'colcon_pkg'
[0.248s] Level 1:colcon.colcon_core.package_identification:_identify(temp_venv) by extensions ['colcon_meta']
[0.248s] Level 1:colcon.colcon_core.package_identification:_identify(temp_venv) by extension 'colcon_meta'
[0.248s] Level 1:colcon.colcon_core.package_identification:_identify(temp_venv) by extensions ['ros']
[0.248s] Level 1:colcon.colcon_core.package_identification:_identify(temp_venv) by extension 'ros'
[0.248s] Level 1:colcon.colcon_core.package_identification:_identify(temp_venv) by extensions ['cmake', 'python']
[0.248s] Level 1:colcon.colcon_core.package_identification:_identify(temp_venv) by extension 'cmake'
[0.248s] Level 1:colcon.colcon_core.package_identification:_identify(temp_venv) by extension 'python'
[0.248s] Level 1:colcon.colcon_core.package_identification:_identify(temp_venv) by extensions ['python_setup_py']
[0.248s] Level 1:colcon.colcon_core.package_identification:_identify(temp_venv) by extension 'python_setup_py'
[0.248s] Level 1:colcon.colcon_core.package_identification:_identify(temp_venv/bin) by extensions ['ignore', 'ignore_ament_install']
[0.248s] Level 1:colcon.colcon_core.package_identification:_identify(temp_venv/bin) by extension 'ignore'
[0.248s] Level 1:colcon.colcon_core.package_identification:_identify(temp_venv/bin) by extension 'ignore_ament_install'
[0.248s] Level 1:colcon.colcon_core.package_identification:_identify(temp_venv/bin) by extensions ['colcon_pkg']
[0.248s] Level 1:colcon.colcon_core.package_identification:_identify(temp_venv/bin) by extension 'colcon_pkg'
[0.248s] Level 1:colcon.colcon_core.package_identification:_identify(temp_venv/bin) by extensions ['colcon_meta']
[0.248s] Level 1:colcon.colcon_core.package_identification:_identify(temp_venv/bin) by extension 'colcon_meta'
[0.248s] Level 1:colcon.colcon_core.package_identification:_identify(temp_venv/bin) by extensions ['ros']
[0.248s] Level 1:colcon.colcon_core.package_identification:_identify(temp_venv/bin) by extension 'ros'
[0.249s] Level 1:colcon.colcon_core.package_identification:_identify(temp_venv/bin) by extensions ['cmake', 'python']
[0.249s] Level 1:colcon.colcon_core.package_identification:_identify(temp_venv/bin) by extension 'cmake'
[0.249s] Level 1:colcon.colcon_core.package_identification:_identify(temp_venv/bin) by extension 'python'
[0.249s] Level 1:colcon.colcon_core.package_identification:_identify(temp_venv/bin) by extensions ['python_setup_py']
[0.249s] Level 1:colcon.colcon_core.package_identification:_identify(temp_venv/bin) by extension 'python_setup_py'
[0.249s] Level 1:colcon.colcon_core.package_identification:_identify(temp_venv/include) by extensions ['ignore', 'ignore_ament_install']
[0.249s] Level 1:colcon.colcon_core.package_identification:_identify(temp_venv/include) by extension 'ignore'
[0.249s] Level 1:colcon.colcon_core.package_identification:_identify(temp_venv/include) by extension 'ignore_ament_install'
[0.249s] Level 1:colcon.colcon_core.package_identification:_identify(temp_venv/include) by extensions ['colcon_pkg']
[0.249s] Level 1:colcon.colcon_core.package_identification:_identify(temp_venv/include) by extension 'colcon_pkg'
[0.249s] Level 1:colcon.colcon_core.package_identification:_identify(temp_venv/include) by extensions ['colcon_meta']
[0.249s] Level 1:colcon.colcon_core.package_identification:_identify(temp_venv/include) by extension 'colcon_meta'
[0.249s] Level 1:colcon.colcon_core.package_identification:_identify(temp_venv/include) by extensions ['ros']
[0.249s] Level 1:colcon.colcon_core.package_identification:_identify(temp_venv/include) by extension 'ros'
[0.249s] Level 1:colcon.colcon_core.package_identification:_identify(temp_venv/include) by extensions ['cmake', 'python']
[0.249s] Level 1:colcon.colcon_core.package_identification:_identify(temp_venv/include) by extension 'cmake'
[0.249s] Level 1:colcon.colcon_core.package_identification:_identify(temp_venv/include) by extension 'python'
[0.249s] Level 1:colcon.colcon_core.package_identification:_identify(temp_venv/include) by extensions ['python_setup_py']
[0.249s] Level 1:colcon.colcon_core.package_identification:_identify(temp_venv/include) by extension 'python_setup_py'
[0.249s] Level 1:colcon.colcon_core.package_identification:_identify(temp_venv/include/python3.12) by extensions ['ignore', 'ignore_ament_install']
[0.250s] Level 1:colcon.colcon_core.package_identification:_identify(temp_venv/include/python3.12) by extension 'ignore'
[0.250s] Level 1:colcon.colcon_core.package_identification:_identify(temp_venv/include/python3.12) by extension 'ignore_ament_install'
[0.250s] Level 1:colcon.colcon_core.package_identification:_identify(temp_venv/include/python3.12) by extensions ['colcon_pkg']
[0.250s] Level 1:colcon.colcon_core.package_identification:_identify(temp_venv/include/python3.12) by extension 'colcon_pkg'
[0.250s] Level 1:colcon.colcon_core.package_identification:_identify(temp_venv/include/python3.12) by extensions ['colcon_meta']
[0.250s] Level 1:colcon.colcon_core.package_identification:_identify(temp_venv/include/python3.12) by extension 'colcon_meta'
[0.250s] Level 1:colcon.colcon_core.package_identification:_identify(temp_venv/include/python3.12) by extensions ['ros']
[0.250s] Level 1:colcon.colcon_core.package_identification:_identify(temp_venv/include/python3.12) by extension 'ros'
[0.250s] Level 1:colcon.colcon_core.package_identification:_identify(temp_venv/include/python3.12) by extensions ['cmake', 'python']
[0.250s] Level 1:colcon.colcon_core.package_identification:_identify(temp_venv/include/python3.12) by extension 'cmake'
[0.250s] Level 1:colcon.colcon_core.package_identification:_identify(temp_venv/include/python3.12) by extension 'python'
[0.250s] Level 1:colcon.colcon_core.package_identification:_identify(temp_venv/include/python3.12) by extensions ['python_setup_py']
[0.250s] Level 1:colcon.colcon_core.package_identification:_identify(temp_venv/include/python3.12) by extension 'python_setup_py'
[0.250s] Level 1:colcon.colcon_core.package_identification:_identify(temp_venv/lib) by extensions ['ignore', 'ignore_ament_install']
[0.250s] Level 1:colcon.colcon_core.package_identification:_identify(temp_venv/lib) by extension 'ignore'
[0.250s] Level 1:colcon.colcon_core.package_identification:_identify(temp_venv/lib) by extension 'ignore_ament_install'
[0.250s] Level 1:colcon.colcon_core.package_identification:_identify(temp_venv/lib) by extensions ['colcon_pkg']
[0.250s] Level 1:colcon.colcon_core.package_identification:_identify(temp_venv/lib) by extension 'colcon_pkg'
[0.251s] Level 1:colcon.colcon_core.package_identification:_identify(temp_venv/lib) by extensions ['colcon_meta']
[0.251s] Level 1:colcon.colcon_core.package_identification:_identify(temp_venv/lib) by extension 'colcon_meta'
[0.251s] Level 1:colcon.colcon_core.package_identification:_identify(temp_venv/lib) by extensions ['ros']
[0.251s] Level 1:colcon.colcon_core.package_identification:_identify(temp_venv/lib) by extension 'ros'
[0.251s] Level 1:colcon.colcon_core.package_identification:_identify(temp_venv/lib) by extensions ['cmake', 'python']
[0.251s] Level 1:colcon.colcon_core.package_identification:_identify(temp_venv/lib) by extension 'cmake'
[0.251s] Level 1:colcon.colcon_core.package_identification:_identify(temp_venv/lib) by extension 'python'
[0.251s] Level 1:colcon.colcon_core.package_identification:_identify(temp_venv/lib) by extensions ['python_setup_py']
[0.251s] Level 1:colcon.colcon_core.package_identification:_identify(temp_venv/lib) by extension 'python_setup_py'
[0.251s] Level 1:colcon.colcon_core.package_identification:_identify(temp_venv/lib/python3.12) by extensions ['ignore', 'ignore_ament_install']
[0.251s] Level 1:colcon.colcon_core.package_identification:_identify(temp_venv/lib/python3.12) by extension 'ignore'
[0.251s] Level 1:colcon.colcon_core.package_identification:_identify(temp_venv/lib/python3.12) by extension 'ignore_ament_install'
[0.251s] Level 1:colcon.colcon_core.package_identification:_identify(temp_venv/lib/python3.12) by extensions ['colcon_pkg']
[0.251s] Level 1:colcon.colcon_core.package_identification:_identify(temp_venv/lib/python3.12) by extension 'colcon_pkg'
[0.251s] Level 1:colcon.colcon_core.package_identification:_identify(temp_venv/lib/python3.12) by extensions ['colcon_meta']
[0.251s] Level 1:colcon.colcon_core.package_identification:_identify(temp_venv/lib/python3.12) by extension 'colcon_meta'
[0.251s] Level 1:colcon.colcon_core.package_identification:_identify(temp_venv/lib/python3.12) by extensions ['ros']
[0.251s] Level 1:colcon.colcon_core.package_identification:_identify(temp_venv/lib/python3.12) by extension 'ros'
[0.251s] Level 1:colcon.colcon_core.package_identification:_identify(temp_venv/lib/python3.12) by extensions ['cmake', 'python']
[0.252s] Level 1:colcon.colcon_core.package_identification:_identify(temp_venv/lib/python3.12) by extension 'cmake'
[0.252s] Level 1:colcon.colcon_core.package_identification:_identify(temp_venv/lib/python3.12) by extension 'python'
[0.252s] Level 1:colcon.colcon_core.package_identification:_identify(temp_venv/lib/python3.12) by extensions ['python_setup_py']
[0.252s] Level 1:colcon.colcon_core.package_identification:_identify(temp_venv/lib/python3.12) by extension 'python_setup_py'
[0.252s] Level 1:colcon.colcon_core.package_identification:_identify(temp_venv/lib/python3.12/site-packages) by extensions ['ignore', 'ignore_ament_install']
[0.252s] Level 1:colcon.colcon_core.package_identification:_identify(temp_venv/lib/python3.12/site-packages) by extension 'ignore'
[0.252s] Level 1:colcon.colcon_core.package_identification:_identify(temp_venv/lib/python3.12/site-packages) by extension 'ignore_ament_install'
[0.252s] Level 1:colcon.colcon_core.package_identification:_identify(temp_venv/lib/python3.12/site-packages) by extensions ['colcon_pkg']
[0.252s] Level 1:colcon.colcon_core.package_identification:_identify(temp_venv/lib/python3.12/site-packages) by extension 'colcon_pkg'
[0.252s] Level 1:colcon.colcon_core.package_identification:_identify(temp_venv/lib/python3.12/site-packages) by extensions ['colcon_meta']
[0.252s] Level 1:colcon.colcon_core.package_identification:_identify(temp_venv/lib/python3.12/site-packages) by extension 'colcon_meta'
[0.252s] Level 1:colcon.colcon_core.package_identification:_identify(temp_venv/lib/python3.12/site-packages) by extensions ['ros']
[0.252s] Level 1:colcon.colcon_core.package_identification:_identify(temp_venv/lib/python3.12/site-packages) by extension 'ros'
[0.252s] Level 1:colcon.colcon_core.package_identification:_identify(temp_venv/lib/python3.12/site-packages) by extensions ['cmake', 'python']
[0.252s] Level 1:colcon.colcon_core.package_identification:_identify(temp_venv/lib/python3.12/site-packages) by extension 'cmake'
[0.252s] Level 1:colcon.colcon_core.package_identification:_identify(temp_venv/lib/python3.12/site-packages) by extension 'python'
[0.252s] Level 1:colcon.colcon_core.package_identification:_identify(temp_venv/lib/python3.12/site-packages) by extensions ['python_setup_py']
[0.252s] Level 1:colcon.colcon_core.package_identification:_identify(temp_venv/lib/python3.12/site-packages) by extension 'python_setup_py'
[0.253s] Level 1:colcon.colcon_core.package_discovery:discover_packages(recursive) using defaults
[0.253s] Level 1:colcon.colcon_core.package_discovery:discover_packages(ignore) discover
[0.253s] Level 1:colcon.colcon_core.package_discovery:discover_packages(ignore) using defaults
[0.253s] Level 1:colcon.colcon_core.package_discovery:discover_packages(path) discover
[0.253s] Level 1:colcon.colcon_core.package_discovery:discover_packages(path) using defaults
[0.276s] Level 1:colcon.colcon_core.package_discovery:discover_packages(prefix_path) check parameters
[0.276s] Level 1:colcon.colcon_core.package_discovery:discover_packages(prefix_path) discover
[0.280s] DEBUG:colcon.colcon_installed_package_information.package_discovery:Found 483 installed packages in /opt/ros/jazzy
[0.282s] Level 1:colcon.colcon_core.package_discovery:discover_packages(prefix_path) using defaults
[0.332s] Level 5:colcon.colcon_core.verb:set package 'household_robot_simulation' build argument 'cmake_args' from command line to 'None'
[0.332s] Level 5:colcon.colcon_core.verb:set package 'household_robot_simulation' build argument 'cmake_target' from command line to 'None'
[0.332s] Level 5:colcon.colcon_core.verb:set package 'household_robot_simulation' build argument 'cmake_target_skip_unavailable' from command line to 'False'
[0.332s] Level 5:colcon.colcon_core.verb:set package 'household_robot_simulation' build argument 'cmake_clean_cache' from command line to 'False'
[0.332s] Level 5:colcon.colcon_core.verb:set package 'household_robot_simulation' build argument 'cmake_clean_first' from command line to 'False'
[0.332s] Level 5:colcon.colcon_core.verb:set package 'household_robot_simulation' build argument 'cmake_force_configure' from command line to 'False'
[0.332s] Level 5:colcon.colcon_core.verb:set package 'household_robot_simulation' build argument 'ament_cmake_args' from command line to 'None'
[0.332s] Level 5:colcon.colcon_core.verb:set package 'household_robot_simulation' build argument 'catkin_cmake_args' from command line to 'None'
[0.332s] Level 5:colcon.colcon_core.verb:set package 'household_robot_simulation' build argument 'catkin_skip_building_tests' from command line to 'False'
[0.332s] DEBUG:colcon.colcon_core.verb:Building package 'household_robot_simulation' with the following arguments: {'ament_cmake_args': None, 'build_base': '/home/rudrarathod/ros2_ws/build/household_robot_simulation', 'catkin_cmake_args': None, 'catkin_skip_building_tests': False, 'cmake_args': None, 'cmake_clean_cache': False, 'cmake_clean_first': False, 'cmake_force_configure': False, 'cmake_target': None, 'cmake_target_skip_unavailable': False, 'install_base': '/home/rudrarathod/ros2_ws/install/household_robot_simulation', 'merge_install': False, 'path': '/home/rudrarathod/ros2_ws/src/household_robot_simulation', 'symlink_install': True, 'test_result_base': None}
[0.332s] INFO:colcon.colcon_core.executor:Executing jobs using 'parallel' executor
[0.333s] DEBUG:colcon.colcon_parallel_executor.executor.parallel:run_until_complete
[0.333s] INFO:colcon.colcon_ros.task.ament_cmake.build:Building ROS package in '/home/rudrarathod/ros2_ws/src/household_robot_simulation' with build type 'ament_cmake'
[0.333s] INFO:colcon.colcon_cmake.task.cmake.build:Building CMake package in '/home/rudrarathod/ros2_ws/src/household_robot_simulation'
[0.337s] INFO:colcon.colcon_core.plugin_system:Skipping extension 'colcon_core.shell.bat': Not used on non-Windows systems
[0.337s] INFO:colcon.colcon_core.shell:Skip shell extension 'powershell' for command environment: Not usable outside of PowerShell
[0.337s] DEBUG:colcon.colcon_core.shell:Skip shell extension 'dsv' for command environment
[0.345s] DEBUG:colcon.colcon_core.event_handler.log_command:Invoking command in '/home/rudrarathod/ros2_ws/build/household_robot_simulation': CMAKE_PREFIX_PATH=${CMAKE_PREFIX_PATH}:/opt/ros/jazzy DEBUGINFOD_URLS=https://debuginfod.ubuntu.com /usr/bin/cmake /home/rudrarathod/ros2_ws/src/household_robot_simulation -DAMENT_CMAKE_SYMLINK_INSTALL=1 -DCMAKE_INSTALL_PREFIX=/home/rudrarathod/ros2_ws/install/household_robot_simulation
[0.742s] DEBUG:colcon.colcon_core.event_handler.log_command:Invoked command in '/home/rudrarathod/ros2_ws/build/household_robot_simulation' returned '0': CMAKE_PREFIX_PATH=${CMAKE_PREFIX_PATH}:/opt/ros/jazzy DEBUGINFOD_URLS=https://debuginfod.ubuntu.com /usr/bin/cmake /home/rudrarathod/ros2_ws/src/household_robot_simulation -DAMENT_CMAKE_SYMLINK_INSTALL=1 -DCMAKE_INSTALL_PREFIX=/home/rudrarathod/ros2_ws/install/household_robot_simulation
[0.743s] DEBUG:colcon.colcon_core.event_handler.log_command:Invoking command in '/home/rudrarathod/ros2_ws/build/household_robot_simulation': CMAKE_PREFIX_PATH=${CMAKE_PREFIX_PATH}:/opt/ros/jazzy DEBUGINFOD_URLS=https://debuginfod.ubuntu.com /usr/bin/cmake --build /home/rudrarathod/ros2_ws/build/household_robot_simulation -- -j8 -l8
[0.775s] DEBUG:colcon.colcon_core.event_handler.log_command:Invoked command in '/home/rudrarathod/ros2_ws/build/household_robot_simulation' returned '0': CMAKE_PREFIX_PATH=${CMAKE_PREFIX_PATH}:/opt/ros/jazzy DEBUGINFOD_URLS=https://debuginfod.ubuntu.com /usr/bin/cmake --build /home/rudrarathod/ros2_ws/build/household_robot_simulation -- -j8 -l8
[0.784s] DEBUG:colcon.colcon_core.event_handler.log_command:Invoking command in '/home/rudrarathod/ros2_ws/build/household_robot_simulation': CMAKE_PREFIX_PATH=${CMAKE_PREFIX_PATH}:/opt/ros/jazzy DEBUGINFOD_URLS=https://debuginfod.ubuntu.com /usr/bin/cmake --install /home/rudrarathod/ros2_ws/build/household_robot_simulation
[0.806s] Level 1:colcon.colcon_core.environment:create_environment_scripts_only(household_robot_simulation)
[0.807s] DEBUG:colcon.colcon_core.event_handler.log_command:Invoked command in '/home/rudrarathod/ros2_ws/build/household_robot_simulation' returned '0': CMAKE_PREFIX_PATH=${CMAKE_PREFIX_PATH}:/opt/ros/jazzy DEBUGINFOD_URLS=https://debuginfod.ubuntu.com /usr/bin/cmake --install /home/rudrarathod/ros2_ws/build/household_robot_simulation
[0.811s] Level 1:colcon.colcon_core.environment:checking '/home/rudrarathod/ros2_ws/install/household_robot_simulation' for CMake module files
[0.812s] Level 1:colcon.colcon_core.environment:checking '/home/rudrarathod/ros2_ws/install/household_robot_simulation' for CMake config files
[0.812s] Level 1:colcon.colcon_core.shell:create_environment_hook('household_robot_simulation', 'cmake_prefix_path')
[0.812s] INFO:colcon.colcon_core.shell:Creating environment hook '/home/rudrarathod/ros2_ws/install/household_robot_simulation/share/household_robot_simulation/hook/cmake_prefix_path.ps1'
[0.813s] INFO:colcon.colcon_core.shell:Creating environment descriptor '/home/rudrarathod/ros2_ws/install/household_robot_simulation/share/household_robot_simulation/hook/cmake_prefix_path.dsv'
[0.813s] INFO:colcon.colcon_core.shell:Creating environment hook '/home/rudrarathod/ros2_ws/install/household_robot_simulation/share/household_robot_simulation/hook/cmake_prefix_path.sh'
[0.814s] Level 1:colcon.colcon_core.environment:checking '/home/rudrarathod/ros2_ws/install/household_robot_simulation/lib'
[0.814s] Level 1:colcon.colcon_core.environment:checking '/home/rudrarathod/ros2_ws/install/household_robot_simulation/bin'
[0.814s] Level 1:colcon.colcon_core.environment:checking '/home/rudrarathod/ros2_ws/install/household_robot_simulation/lib/pkgconfig/household_robot_simulation.pc'
[0.815s] Level 1:colcon.colcon_core.environment:checking '/home/rudrarathod/ros2_ws/install/household_robot_simulation/lib/python3.12/site-packages'
[0.815s] Level 1:colcon.colcon_core.environment:checking '/home/rudrarathod/ros2_ws/install/household_robot_simulation/bin'
[0.815s] INFO:colcon.colcon_core.shell:Creating package script '/home/rudrarathod/ros2_ws/install/household_robot_simulation/share/household_robot_simulation/package.ps1'
[0.816s] INFO:colcon.colcon_core.shell:Creating package descriptor '/home/rudrarathod/ros2_ws/install/household_robot_simulation/share/household_robot_simulation/package.dsv'
[0.817s] INFO:colcon.colcon_core.shell:Creating package script '/home/rudrarathod/ros2_ws/install/household_robot_simulation/share/household_robot_simulation/package.sh'
[0.817s] INFO:colcon.colcon_core.shell:Creating package script '/home/rudrarathod/ros2_ws/install/household_robot_simulation/share/household_robot_simulation/package.bash'
[0.818s] INFO:colcon.colcon_core.shell:Creating package script '/home/rudrarathod/ros2_ws/install/household_robot_simulation/share/household_robot_simulation/package.zsh'
[0.819s] Level 1:colcon.colcon_core.environment:create_file_with_runtime_dependencies(/home/rudrarathod/ros2_ws/install/household_robot_simulation/share/colcon-core/packages/household_robot_simulation)
[0.819s] Level 1:colcon.colcon_core.environment:create_environment_scripts_only(household_robot_simulation)
[0.819s] Level 1:colcon.colcon_core.environment:checking '/home/rudrarathod/ros2_ws/install/household_robot_simulation' for CMake module files
[0.820s] Level 1:colcon.colcon_core.environment:checking '/home/rudrarathod/ros2_ws/install/household_robot_simulation' for CMake config files
[0.820s] Level 1:colcon.colcon_core.shell:create_environment_hook('household_robot_simulation', 'cmake_prefix_path')
[0.820s] INFO:colcon.colcon_core.shell:Creating environment hook '/home/rudrarathod/ros2_ws/install/household_robot_simulation/share/household_robot_simulation/hook/cmake_prefix_path.ps1'
[0.820s] INFO:colcon.colcon_core.shell:Creating environment descriptor '/home/rudrarathod/ros2_ws/install/household_robot_simulation/share/household_robot_simulation/hook/cmake_prefix_path.dsv'
[0.821s] INFO:colcon.colcon_core.shell:Creating environment hook '/home/rudrarathod/ros2_ws/install/household_robot_simulation/share/household_robot_simulation/hook/cmake_prefix_path.sh'
[0.821s] Level 1:colcon.colcon_core.environment:checking '/home/rudrarathod/ros2_ws/install/household_robot_simulation/lib'
[0.821s] Level 1:colcon.colcon_core.environment:checking '/home/rudrarathod/ros2_ws/install/household_robot_simulation/bin'
[0.821s] Level 1:colcon.colcon_core.environment:checking '/home/rudrarathod/ros2_ws/install/household_robot_simulation/lib/pkgconfig/household_robot_simulation.pc'
[0.822s] Level 1:colcon.colcon_core.environment:checking '/home/rudrarathod/ros2_ws/install/household_robot_simulation/lib/python3.12/site-packages'
[0.822s] Level 1:colcon.colcon_core.environment:checking '/home/rudrarathod/ros2_ws/install/household_robot_simulation/bin'
[0.822s] INFO:colcon.colcon_core.shell:Creating package script '/home/rudrarathod/ros2_ws/install/household_robot_simulation/share/household_robot_simulation/package.ps1'
[0.823s] INFO:colcon.colcon_core.shell:Creating package descriptor '/home/rudrarathod/ros2_ws/install/household_robot_simulation/share/household_robot_simulation/package.dsv'
[0.823s] INFO:colcon.colcon_core.shell:Creating package script '/home/rudrarathod/ros2_ws/install/household_robot_simulation/share/household_robot_simulation/package.sh'
[0.823s] INFO:colcon.colcon_core.shell:Creating package script '/home/rudrarathod/ros2_ws/install/household_robot_simulation/share/household_robot_simulation/package.bash'
[0.824s] INFO:colcon.colcon_core.shell:Creating package script '/home/rudrarathod/ros2_ws/install/household_robot_simulation/share/household_robot_simulation/package.zsh'
[0.824s] Level 1:colcon.colcon_core.environment:create_file_with_runtime_dependencies(/home/rudrarathod/ros2_ws/install/household_robot_simulation/share/colcon-core/packages/household_robot_simulation)
[0.824s] DEBUG:colcon.colcon_parallel_executor.executor.parallel:closing loop
[0.825s] DEBUG:colcon.colcon_parallel_executor.executor.parallel:loop closed
[0.825s] DEBUG:colcon.colcon_parallel_executor.executor.parallel:run_until_complete finished with '0'
[0.825s] DEBUG:colcon.colcon_core.event_reactor:joining thread
[0.845s] INFO:colcon.colcon_core.plugin_system:Skipping extension 'colcon_notification.desktop_notification.terminal_notifier': Not used on non-Darwin systems
[0.845s] INFO:colcon.colcon_core.plugin_system:Skipping extension 'colcon_notification.desktop_notification.win32': Not used on non-Windows systems
[0.845s] INFO:colcon.colcon_notification.desktop_notification:Sending desktop notification using 'notify2'
[0.856s] DEBUG:colcon.colcon_core.event_reactor:joined thread
[0.856s] INFO:colcon.colcon_core.shell:Creating prefix script '/home/rudrarathod/ros2_ws/install/local_setup.ps1'
[0.857s] INFO:colcon.colcon_core.shell:Creating prefix util module '/home/rudrarathod/ros2_ws/install/_local_setup_util_ps1.py'
[0.858s] INFO:colcon.colcon_core.shell:Creating prefix chain script '/home/rudrarathod/ros2_ws/install/setup.ps1'
[0.859s] INFO:colcon.colcon_core.shell:Creating prefix script '/home/rudrarathod/ros2_ws/install/local_setup.sh'
[0.860s] INFO:colcon.colcon_core.shell:Creating prefix util module '/home/rudrarathod/ros2_ws/install/_local_setup_util_sh.py'
[0.860s] INFO:colcon.colcon_core.shell:Creating prefix chain script '/home/rudrarathod/ros2_ws/install/setup.sh'
[0.861s] INFO:colcon.colcon_core.shell:Creating prefix script '/home/rudrarathod/ros2_ws/install/local_setup.bash'
[0.861s] INFO:colcon.colcon_core.shell:Creating prefix chain script '/home/rudrarathod/ros2_ws/install/setup.bash'
[0.862s] INFO:colcon.colcon_core.shell:Creating prefix script '/home/rudrarathod/ros2_ws/install/local_setup.zsh'
[0.863s] INFO:colcon.colcon_core.shell:Creating prefix chain script '/home/rudrarathod/ros2_ws/install/setup.zsh'
