[0.014s] Invoking command in '/home/rudrarathod/ros2_ws/build/household_robot_simulation': CMAKE_PREFIX_PATH=${CMAKE_PREFIX_PATH}:/opt/ros/jazzy DEBUGINFOD_URLS=https://debuginfod.ubuntu.com /usr/bin/cmake --build /home/rudrarathod/ros2_ws/build/household_robot_simulation -- -j8 -l8
[0.088s] -- Found ament_cmake: 2.5.6 (/opt/ros/jazzy/share/ament_cmake/cmake)
[0.274s] -- Override CMake install command with custom implementation using symlinks instead of copying resources
[0.390s] -- Configuring done (0.3s)
[0.402s] -- Generating done (0.0s)
[0.406s] -- Build files have been written to: /home/rudrarathod/ros2_ws/build/household_robot_simulation
[0.425s] Invoked command in '/home/rudrarathod/ros2_ws/build/household_robot_simulation' returned '0': CMAKE_PREFIX_PATH=${CMAKE_PREFIX_PATH}:/opt/ros/jazzy DEBUGINFOD_URLS=https://debuginfod.ubuntu.com /usr/bin/cmake --build /home/rudrarathod/ros2_ws/build/household_robot_simulation -- -j8 -l8
[0.434s] Invoking command in '/home/rudrarathod/ros2_ws/build/household_robot_simulation': CMAKE_PREFIX_PATH=${CMAKE_PREFIX_PATH}:/opt/ros/jazzy DEBUGINFOD_URLS=https://debuginfod.ubuntu.com /usr/bin/cmake --install /home/rudrarathod/ros2_ws/build/household_robot_simulation
[0.440s] -- Install configuration: ""
[0.440s] -- Execute custom install script
[0.440s] -- Up-to-date symlink: /home/rudrarathod/ros2_ws/install/household_robot_simulation/share/household_robot_simulation/launch/navigation.launch.py
[0.441s] -- Up-to-date symlink: /home/rudrarathod/ros2_ws/install/household_robot_simulation/share/household_robot_simulation/launch/simulation.launch.py
[0.441s] -- Up-to-date symlink: /home/rudrarathod/ros2_ws/install/household_robot_simulation/share/household_robot_simulation/worlds/house.sdf
[0.441s] -- Up-to-date symlink: /home/rudrarathod/ros2_ws/install/household_robot_simulation/share/household_robot_simulation/urdf/custom_robot.urdf
[0.442s] -- Up-to-date symlink: /home/rudrarathod/ros2_ws/install/household_robot_simulation/share/household_robot_simulation/rviz/robot.rviz
[0.442s] -- Up-to-date symlink: /home/rudrarathod/ros2_ws/install/household_robot_simulation/share/household_robot_simulation/config/bridge_config.yaml
[0.442s] -- Up-to-date symlink: /home/rudrarathod/ros2_ws/install/household_robot_simulation/share/household_robot_simulation/config/ekf.yaml
[0.443s] -- Up-to-date symlink: /home/rudrarathod/ros2_ws/install/household_robot_simulation/share/household_robot_simulation/config/nav2_params.yaml
[0.443s] -- Up-to-date symlink: /home/rudrarathod/ros2_ws/install/household_robot_simulation/share/household_robot_simulation/config/slam_toolbox_params.yaml
[0.443s] -- Up-to-date symlink: /home/rudrarathod/ros2_ws/install/household_robot_simulation/share/household_robot_simulation/maps/house_map.pgm
[0.443s] -- Up-to-date symlink: /home/rudrarathod/ros2_ws/install/household_robot_simulation/share/household_robot_simulation/maps/house_map.yaml
[0.444s] -- Up-to-date symlink: /home/rudrarathod/ros2_ws/install/household_robot_simulation/lib/household_robot_simulation/teleop_keyboard.py
[0.444s] -- Up-to-date symlink: /home/rudrarathod/ros2_ws/install/household_robot_simulation/lib/household_robot_simulation/cmd_vel_safety_filter.py
[0.444s] -- Symlinking: /home/rudrarathod/ros2_ws/install/household_robot_simulation/lib/household_robot_simulation/vision_processor.py
[0.451s] -- Up-to-date symlink: /home/rudrarathod/ros2_ws/install/household_robot_simulation/share/ament_index/resource_index/package_run_dependencies/household_robot_simulation
[0.452s] -- Up-to-date symlink: /home/rudrarathod/ros2_ws/install/household_robot_simulation/share/ament_index/resource_index/parent_prefix_path/household_robot_simulation
[0.452s] -- Up-to-date symlink: /home/rudrarathod/ros2_ws/install/household_robot_simulation/share/household_robot_simulation/environment/ament_prefix_path.sh
[0.452s] -- Up-to-date symlink: /home/rudrarathod/ros2_ws/install/household_robot_simulation/share/household_robot_simulation/environment/ament_prefix_path.dsv
[0.452s] -- Up-to-date symlink: /home/rudrarathod/ros2_ws/install/household_robot_simulation/share/household_robot_simulation/environment/path.sh
[0.452s] -- Up-to-date symlink: /home/rudrarathod/ros2_ws/install/household_robot_simulation/share/household_robot_simulation/environment/path.dsv
[0.453s] -- Up-to-date symlink: /home/rudrarathod/ros2_ws/install/household_robot_simulation/share/household_robot_simulation/local_setup.bash
[0.453s] -- Up-to-date symlink: /home/rudrarathod/ros2_ws/install/household_robot_simulation/share/household_robot_simulation/local_setup.sh
[0.453s] -- Up-to-date symlink: /home/rudrarathod/ros2_ws/install/household_robot_simulation/share/household_robot_simulation/local_setup.zsh
[0.453s] -- Up-to-date symlink: /home/rudrarathod/ros2_ws/install/household_robot_simulation/share/household_robot_simulation/local_setup.dsv
[0.453s] -- Symlinking: /home/rudrarathod/ros2_ws/install/household_robot_simulation/share/household_robot_simulation/package.dsv
[0.461s] -- Up-to-date symlink: /home/rudrarathod/ros2_ws/install/household_robot_simulation/share/ament_index/resource_index/packages/household_robot_simulation
[0.461s] -- Up-to-date symlink: /home/rudrarathod/ros2_ws/install/household_robot_simulation/share/household_robot_simulation/cmake/household_robot_simulationConfig.cmake
[0.461s] -- Up-to-date symlink: /home/rudrarathod/ros2_ws/install/household_robot_simulation/share/household_robot_simulation/cmake/household_robot_simulationConfig-version.cmake
[0.461s] -- Up-to-date symlink: /home/rudrarathod/ros2_ws/install/household_robot_simulation/share/household_robot_simulation/package.xml
[0.463s] Invoked command in '/home/rudrarathod/ros2_ws/build/household_robot_simulation' returned '0': CMAKE_PREFIX_PATH=${CMAKE_PREFIX_PATH}:/opt/ros/jazzy DEBUGINFOD_URLS=https://debuginfod.ubuntu.com /usr/bin/cmake --install /home/rudrarathod/ros2_ws/build/household_robot_simulation
