[0.019s] Invoking command in '/home/rudrarathod/ros2_ws/build/household_robot_simulation': CMAKE_PREFIX_PATH=${CMAKE_PREFIX_PATH}:/opt/ros/jazzy DEBUGINFOD_URLS=https://debuginfod.ubuntu.com /usr/bin/cmake --build /home/rudrarathod/ros2_ws/build/household_robot_simulation -- -j8 -l8
[0.097s] Invoked command in '/home/rudrarathod/ros2_ws/build/household_robot_simulation' returned '0': CMAKE_PREFIX_PATH=${CMAKE_PREFIX_PATH}:/opt/ros/jazzy DEBUGINFOD_URLS=https://debuginfod.ubuntu.com /usr/bin/cmake --build /home/rudrarathod/ros2_ws/build/household_robot_simulation -- -j8 -l8
[0.114s] Invoking command in '/home/rudrarathod/ros2_ws/build/household_robot_simulation': CMAKE_PREFIX_PATH=${CMAKE_PREFIX_PATH}:/opt/ros/jazzy DEBUGINFOD_URLS=https://debuginfod.ubuntu.com /usr/bin/cmake --install /home/rudrarathod/ros2_ws/build/household_robot_simulation
[0.125s] -- Install configuration: ""
[0.125s] -- Execute custom install script
[0.126s] -- Up-to-date symlink: /home/rudrarathod/ros2_ws/install/household_robot_simulation/share/household_robot_simulation/launch/simulation.launch.py
[0.126s] -- Up-to-date symlink: /home/rudrarathod/ros2_ws/install/household_robot_simulation/share/household_robot_simulation/worlds/house.sdf
[0.127s] -- Up-to-date symlink: /home/rudrarathod/ros2_ws/install/household_robot_simulation/share/household_robot_simulation/urdf/custom_robot.urdf
[0.127s] -- Up-to-date symlink: /home/rudrarathod/ros2_ws/install/household_robot_simulation/share/household_robot_simulation/rviz/robot.rviz
[0.127s] -- Up-to-date symlink: /home/rudrarathod/ros2_ws/install/household_robot_simulation/share/household_robot_simulation/config/bridge_config.yaml
[0.128s] -- Up-to-date symlink: /home/rudrarathod/ros2_ws/install/household_robot_simulation/lib/household_robot_simulation/teleop_keyboard.py
[0.128s] -- Up-to-date symlink: /home/rudrarathod/ros2_ws/install/household_robot_simulation/share/ament_index/resource_index/package_run_dependencies/household_robot_simulation
[0.128s] -- Up-to-date symlink: /home/rudrarathod/ros2_ws/install/household_robot_simulation/share/ament_index/resource_index/parent_prefix_path/household_robot_simulation
[0.128s] -- Up-to-date symlink: /home/rudrarathod/ros2_ws/install/household_robot_simulation/share/household_robot_simulation/environment/ament_prefix_path.sh
[0.129s] -- Up-to-date symlink: /home/rudrarathod/ros2_ws/install/household_robot_simulation/share/household_robot_simulation/environment/ament_prefix_path.dsv
[0.129s] -- Up-to-date symlink: /home/rudrarathod/ros2_ws/install/household_robot_simulation/share/household_robot_simulation/environment/path.sh
[0.129s] -- Up-to-date symlink: /home/rudrarathod/ros2_ws/install/household_robot_simulation/share/household_robot_simulation/environment/path.dsv
[0.130s] -- Up-to-date symlink: /home/rudrarathod/ros2_ws/install/household_robot_simulation/share/household_robot_simulation/local_setup.bash
[0.130s] -- Up-to-date symlink: /home/rudrarathod/ros2_ws/install/household_robot_simulation/share/household_robot_simulation/local_setup.sh
[0.131s] -- Up-to-date symlink: /home/rudrarathod/ros2_ws/install/household_robot_simulation/share/household_robot_simulation/local_setup.zsh
[0.131s] -- Up-to-date symlink: /home/rudrarathod/ros2_ws/install/household_robot_simulation/share/household_robot_simulation/local_setup.dsv
[0.131s] -- Symlinking: /home/rudrarathod/ros2_ws/install/household_robot_simulation/share/household_robot_simulation/package.dsv
[0.145s] -- Up-to-date symlink: /home/rudrarathod/ros2_ws/install/household_robot_simulation/share/ament_index/resource_index/packages/household_robot_simulation
[0.145s] -- Up-to-date symlink: /home/rudrarathod/ros2_ws/install/household_robot_simulation/share/household_robot_simulation/cmake/household_robot_simulationConfig.cmake
[0.146s] -- Up-to-date symlink: /home/rudrarathod/ros2_ws/install/household_robot_simulation/share/household_robot_simulation/cmake/household_robot_simulationConfig-version.cmake
[0.146s] -- Up-to-date symlink: /home/rudrarathod/ros2_ws/install/household_robot_simulation/share/household_robot_simulation/package.xml
[0.149s] Invoked command in '/home/rudrarathod/ros2_ws/build/household_robot_simulation' returned '0': CMAKE_PREFIX_PATH=${CMAKE_PREFIX_PATH}:/opt/ros/jazzy DEBUGINFOD_URLS=https://debuginfod.ubuntu.com /usr/bin/cmake --install /home/rudrarathod/ros2_ws/build/household_robot_simulation
