[0.133s] DEBUG:colcon:Command line arguments: ['/usr/bin/colcon', 'build', '--symlink-install', '--packages-select', 'household_robot_simulation']
[0.133s] DEBUG:colcon:Parsed command line arguments: Namespace(log_base=None, log_level=None, verb_name='build', build_base='build', install_base='install', merge_install=False, symlink_install=True, test_result_base=None, continue_on_error=False, executor='parallel', parallel_workers=8, event_handlers=None, ignore_user_meta=False, metas=['./colcon.meta'], base_paths=['.'], packages_ignore=None, packages_ignore_regex=None, paths=None, packages_up_to=None, packages_up_to_regex=None, packages_above=None, packages_above_and_dependencies=None, packages_above_depth=None, packages_select_by_dep=None, packages_skip_by_dep=None, packages_skip_up_to=None, packages_select_build_failed=False, packages_skip_build_finished=False, packages_select_test_failures=False, packages_skip_test_passed=False, packages_select=['household_robot_simulation'], packages_skip=None, packages_select_regex=None, packages_skip_regex=None, packages_start=None, packages_end=None, allow_overriding=[], cmake_args=None, cmake_target=None, cmake_target_skip_unavailable=False, cmake_clean_cache=False, cmake_clean_first=False, cmake_force_configure=False, ament_cmake_args=None, catkin_cmake_args=None, catkin_skip_building_tests=False, mixin_files=None, mixin=None, verb_parser=<colcon_mixin.mixin.mixin_argument.MixinArgumentDecorator object at 0x7942cc5bd610>, verb_extension=<colcon_core.verb.build.BuildVerb object at 0x7942cc6d56d0>, main=<bound method BuildVerb.main of <colcon_core.verb.build.BuildVerb object at 0x7942cc6d56d0>>, mixin_verb=('build',))
[0.183s] Level 1:colcon.colcon_core.package_discovery:discover_packages(colcon_meta) check parameters
[0.183s] Level 1:colcon.colcon_core.package_discovery:discover_packages(recursive) check parameters
[0.183s] Level 1:colcon.colcon_core.package_discovery:discover_packages(ignore) check parameters
[0.183s] Level 1:colcon.colcon_core.package_discovery:discover_packages(path) check parameters
[0.183s] Level 1:colcon.colcon_core.package_discovery:discover_packages(colcon_meta) discover
[0.184s] Level 1:colcon.colcon_core.package_discovery:discover_packages(recursive) discover
[0.184s] INFO:colcon.colcon_core.package_discovery:Crawling recursively for packages in '/home/rudrarathod/ros2_ws'
[0.184s] Level 1:colcon.colcon_core.package_identification:_identify(.) by extensions ['ignore', 'ignore_ament_install']
[0.184s] Level 1:colcon.colcon_core.package_identification:_identify(.) by extension 'ignore'
[0.184s] Level 1:colcon.colcon_core.package_identification:_identify(.) by extension 'ignore_ament_install'
[0.184s] Level 1:colcon.colcon_core.package_identification:_identify(.) by extensions ['colcon_pkg']
[0.184s] Level 1:colcon.colcon_core.package_identification:_identify(.) by extension 'colcon_pkg'
[0.184s] Level 1:colcon.colcon_core.package_identification:_identify(.) by extensions ['colcon_meta']
[0.184s] Level 1:colcon.colcon_core.package_identification:_identify(.) by extension 'colcon_meta'
[0.184s] Level 1:colcon.colcon_core.package_identification:_identify(.) by extensions ['ros']
[0.184s] Level 1:colcon.colcon_core.package_identification:_identify(.) by extension 'ros'
[0.209s] Level 1:colcon.colcon_core.package_identification:_identify(.) by extensions ['cmake', 'python']
[0.209s] Level 1:colcon.colcon_core.package_identification:_identify(.) by extension 'cmake'
[0.209s] Level 1:colcon.colcon_core.package_identification:_identify(.) by extension 'python'
[0.209s] Level 1:colcon.colcon_core.package_identification:_identify(.) by extensions ['python_setup_py']
[0.209s] Level 1:colcon.colcon_core.package_identification:_identify(.) by extension 'python_setup_py'
[0.209s] Level 1:colcon.colcon_core.package_identification:_identify(build) by extensions ['ignore', 'ignore_ament_install']
[0.209s] Level 1:colcon.colcon_core.package_identification:_identify(build) by extension 'ignore'
[0.209s] Level 1:colcon.colcon_core.package_identification:_identify(build) ignored
[0.209s] Level 1:colcon.colcon_core.package_identification:_identify(install) by extensions ['ignore', 'ignore_ament_install']
[0.210s] Level 1:colcon.colcon_core.package_identification:_identify(install) by extension 'ignore'
[0.210s] Level 1:colcon.colcon_core.package_identification:_identify(install) ignored
[0.210s] Level 1:colcon.colcon_core.package_identification:_identify(log) by extensions ['ignore', 'ignore_ament_install']
[0.210s] Level 1:colcon.colcon_core.package_identification:_identify(log) by extension 'ignore'
[0.210s] Level 1:colcon.colcon_core.package_identification:_identify(log) ignored
[0.210s] Level 1:colcon.colcon_core.package_identification:_identify(src) by extensions ['ignore', 'ignore_ament_install']
[0.210s] Level 1:colcon.colcon_core.package_identification:_identify(src) by extension 'ignore'
[0.210s] Level 1:colcon.colcon_core.package_identification:_identify(src) by extension 'ignore_ament_install'
[0.210s] Level 1:colcon.colcon_core.package_identification:_identify(src) by extensions ['colcon_pkg']
[0.210s] Level 1:colcon.colcon_core.package_identification:_identify(src) by extension 'colcon_pkg'
[0.210s] Level 1:colcon.colcon_core.package_identification:_identify(src) by extensions ['colcon_meta']
[0.210s] Level 1:colcon.colcon_core.package_identification:_identify(src) by extension 'colcon_meta'
[0.210s] Level 1:colcon.colcon_core.package_identification:_identify(src) by extensions ['ros']
[0.210s] Level 1:colcon.colcon_core.package_identification:_identify(src) by extension 'ros'
[0.210s] Level 1:colcon.colcon_core.package_identification:_identify(src) by extensions ['cmake', 'python']
[0.210s] Level 1:colcon.colcon_core.package_identification:_identify(src) by extension 'cmake'
[0.210s] Level 1:colcon.colcon_core.package_identification:_identify(src) by extension 'python'
[0.210s] Level 1:colcon.colcon_core.package_identification:_identify(src) by extensions ['python_setup_py']
[0.210s] Level 1:colcon.colcon_core.package_identification:_identify(src) by extension 'python_setup_py'
[0.210s] Level 1:colcon.colcon_core.package_identification:_identify(src/household_robot_simulation) by extensions ['ignore', 'ignore_ament_install']
[0.210s] Level 1:colcon.colcon_core.package_identification:_identify(src/household_robot_simulation) by extension 'ignore'
[0.210s] Level 1:colcon.colcon_core.package_identification:_identify(src/household_robot_simulation) by extension 'ignore_ament_install'
[0.211s] Level 1:colcon.colcon_core.package_identification:_identify(src/household_robot_simulation) by extensions ['colcon_pkg']
[0.211s] Level 1:colcon.colcon_core.package_identification:_identify(src/household_robot_simulation) by extension 'colcon_pkg'
[0.211s] Level 1:colcon.colcon_core.package_identification:_identify(src/household_robot_simulation) by extensions ['colcon_meta']
[0.211s] Level 1:colcon.colcon_core.package_identification:_identify(src/household_robot_simulation) by extension 'colcon_meta'
[0.211s] Level 1:colcon.colcon_core.package_identification:_identify(src/household_robot_simulation) by extensions ['ros']
[0.211s] Level 1:colcon.colcon_core.package_identification:_identify(src/household_robot_simulation) by extension 'ros'
[0.214s] DEBUG:colcon.colcon_core.package_identification:Package 'src/household_robot_simulation' with type 'ros.ament_cmake' and name 'household_robot_simulation'
[0.214s] Level 1:colcon.colcon_core.package_identification:_identify(temp_venv) by extensions ['ignore', 'ignore_ament_install']
[0.214s] Level 1:colcon.colcon_core.package_identification:_identify(temp_venv) by extension 'ignore'
[0.214s] Level 1:colcon.colcon_core.package_identification:_identify(temp_venv) by extension 'ignore_ament_install'
[0.214s] Level 1:colcon.colcon_core.package_identification:_identify(temp_venv) by extensions ['colcon_pkg']
[0.214s] Level 1:colcon.colcon_core.package_identification:_identify(temp_venv) by extension 'colcon_pkg'
[0.214s] Level 1:colcon.colcon_core.package_identification:_identify(temp_venv) by extensions ['colcon_meta']
[0.214s] Level 1:colcon.colcon_core.package_identification:_identify(temp_venv) by extension 'colcon_meta'
[0.214s] Level 1:colcon.colcon_core.package_identification:_identify(temp_venv) by extensions ['ros']
[0.214s] Level 1:colcon.colcon_core.package_identification:_identify(temp_venv) by extension 'ros'
[0.214s] Level 1:colcon.colcon_core.package_identification:_identify(temp_venv) by extensions ['cmake', 'python']
[0.214s] Level 1:colcon.colcon_core.package_identification:_identify(temp_venv) by extension 'cmake'
[0.214s] Level 1:colcon.colcon_core.package_identification:_identify(temp_venv) by extension 'python'
[0.214s] Level 1:colcon.colcon_core.package_identification:_identify(temp_venv) by extensions ['python_setup_py']
[0.214s] Level 1:colcon.colcon_core.package_identification:_identify(temp_venv) by extension 'python_setup_py'
[0.214s] Level 1:colcon.colcon_core.package_identification:_identify(temp_venv/bin) by extensions ['ignore', 'ignore_ament_install']
[0.214s] Level 1:colcon.colcon_core.package_identification:_identify(temp_venv/bin) by extension 'ignore'
[0.214s] Level 1:colcon.colcon_core.package_identification:_identify(temp_venv/bin) by extension 'ignore_ament_install'
[0.214s] Level 1:colcon.colcon_core.package_identification:_identify(temp_venv/bin) by extensions ['colcon_pkg']
[0.214s] Level 1:colcon.colcon_core.package_identification:_identify(temp_venv/bin) by extension 'colcon_pkg'
[0.215s] Level 1:colcon.colcon_core.package_identification:_identify(temp_venv/bin) by extensions ['colcon_meta']
[0.215s] Level 1:colcon.colcon_core.package_identification:_identify(temp_venv/bin) by extension 'colcon_meta'
[0.215s] Level 1:colcon.colcon_core.package_identification:_identify(temp_venv/bin) by extensions ['ros']
[0.215s] Level 1:colcon.colcon_core.package_identification:_identify(temp_venv/bin) by extension 'ros'
[0.215s] Level 1:colcon.colcon_core.package_identification:_identify(temp_venv/bin) by extensions ['cmake', 'python']
[0.215s] Level 1:colcon.colcon_core.package_identification:_identify(temp_venv/bin) by extension 'cmake'
[0.215s] Level 1:colcon.colcon_core.package_identification:_identify(temp_venv/bin) by extension 'python'
[0.215s] Level 1:colcon.colcon_core.package_identification:_identify(temp_venv/bin) by extensions ['python_setup_py']
[0.215s] Level 1:colcon.colcon_core.package_identification:_identify(temp_venv/bin) by extension 'python_setup_py'
[0.215s] Level 1:colcon.colcon_core.package_identification:_identify(temp_venv/include) by extensions ['ignore', 'ignore_ament_install']
[0.215s] Level 1:colcon.colcon_core.package_identification:_identify(temp_venv/include) by extension 'ignore'
[0.215s] Level 1:colcon.colcon_core.package_identification:_identify(temp_venv/include) by extension 'ignore_ament_install'
[0.215s] Level 1:colcon.colcon_core.package_identification:_identify(temp_venv/include) by extensions ['colcon_pkg']
[0.215s] Level 1:colcon.colcon_core.package_identification:_identify(temp_venv/include) by extension 'colcon_pkg'
[0.215s] Level 1:colcon.colcon_core.package_identification:_identify(temp_venv/include) by extensions ['colcon_meta']
[0.215s] Level 1:colcon.colcon_core.package_identification:_identify(temp_venv/include) by extension 'colcon_meta'
[0.215s] Level 1:colcon.colcon_core.package_identification:_identify(temp_venv/include) by extensions ['ros']
[0.215s] Level 1:colcon.colcon_core.package_identification:_identify(temp_venv/include) by extension 'ros'
[0.215s] Level 1:colcon.colcon_core.package_identification:_identify(temp_venv/include) by extensions ['cmake', 'python']
[0.215s] Level 1:colcon.colcon_core.package_identification:_identify(temp_venv/include) by extension 'cmake'
[0.215s] Level 1:colcon.colcon_core.package_identification:_identify(temp_venv/include) by extension 'python'
[0.215s] Level 1:colcon.colcon_core.package_identification:_identify(temp_venv/include) by extensions ['python_setup_py']
[0.215s] Level 1:colcon.colcon_core.package_identification:_identify(temp_venv/include) by extension 'python_setup_py'
[0.215s] Level 1:colcon.colcon_core.package_identification:_identify(temp_venv/include/python3.12) by extensions ['ignore', 'ignore_ament_install']
[0.215s] Level 1:colcon.colcon_core.package_identification:_identify(temp_venv/include/python3.12) by extension 'ignore'
[0.215s] Level 1:colcon.colcon_core.package_identification:_identify(temp_venv/include/python3.12) by extension 'ignore_ament_install'
[0.215s] Level 1:colcon.colcon_core.package_identification:_identify(temp_venv/include/python3.12) by extensions ['colcon_pkg']
[0.215s] Level 1:colcon.colcon_core.package_identification:_identify(temp_venv/include/python3.12) by extension 'colcon_pkg'
[0.216s] Level 1:colcon.colcon_core.package_identification:_identify(temp_venv/include/python3.12) by extensions ['colcon_meta']
[0.216s] Level 1:colcon.colcon_core.package_identification:_identify(temp_venv/include/python3.12) by extension 'colcon_meta'
[0.216s] Level 1:colcon.colcon_core.package_identification:_identify(temp_venv/include/python3.12) by extensions ['ros']
[0.216s] Level 1:colcon.colcon_core.package_identification:_identify(temp_venv/include/python3.12) by extension 'ros'
[0.216s] Level 1:colcon.colcon_core.package_identification:_identify(temp_venv/include/python3.12) by extensions ['cmake', 'python']
[0.216s] Level 1:colcon.colcon_core.package_identification:_identify(temp_venv/include/python3.12) by extension 'cmake'
[0.216s] Level 1:colcon.colcon_core.package_identification:_identify(temp_venv/include/python3.12) by extension 'python'
[0.216s] Level 1:colcon.colcon_core.package_identification:_identify(temp_venv/include/python3.12) by extensions ['python_setup_py']
[0.216s] Level 1:colcon.colcon_core.package_identification:_identify(temp_venv/include/python3.12) by extension 'python_setup_py'
[0.216s] Level 1:colcon.colcon_core.package_identification:_identify(temp_venv/lib) by extensions ['ignore', 'ignore_ament_install']
[0.216s] Level 1:colcon.colcon_core.package_identification:_identify(temp_venv/lib) by extension 'ignore'
[0.216s] Level 1:colcon.colcon_core.package_identification:_identify(temp_venv/lib) by extension 'ignore_ament_install'
[0.216s] Level 1:colcon.colcon_core.package_identification:_identify(temp_venv/lib) by extensions ['colcon_pkg']
[0.216s] Level 1:colcon.colcon_core.package_identification:_identify(temp_venv/lib) by extension 'colcon_pkg'
[0.216s] Level 1:colcon.colcon_core.package_identification:_identify(temp_venv/lib) by extensions ['colcon_meta']
[0.216s] Level 1:colcon.colcon_core.package_identification:_identify(temp_venv/lib) by extension 'colcon_meta'
[0.216s] Level 1:colcon.colcon_core.package_identification:_identify(temp_venv/lib) by extensions ['ros']
[0.216s] Level 1:colcon.colcon_core.package_identification:_identify(temp_venv/lib) by extension 'ros'
[0.216s] Level 1:colcon.colcon_core.package_identification:_identify(temp_venv/lib) by extensions ['cmake', 'python']
[0.216s] Level 1:colcon.colcon_core.package_identification:_identify(temp_venv/lib) by extension 'cmake'
[0.216s] Level 1:colcon.colcon_core.package_identification:_identify(temp_venv/lib) by extension 'python'
[0.216s] Level 1:colcon.colcon_core.package_identification:_identify(temp_venv/lib) by extensions ['python_setup_py']
[0.216s] Level 1:colcon.colcon_core.package_identification:_identify(temp_venv/lib) by extension 'python_setup_py'
[0.216s] Level 1:colcon.colcon_core.package_identification:_identify(temp_venv/lib/python3.12) by extensions ['ignore', 'ignore_ament_install']
[0.216s] Level 1:colcon.colcon_core.package_identification:_identify(temp_venv/lib/python3.12) by extension 'ignore'
[0.216s] Level 1:colcon.colcon_core.package_identification:_identify(temp_venv/lib/python3.12) by extension 'ignore_ament_install'
[0.216s] Level 1:colcon.colcon_core.package_identification:_identify(temp_venv/lib/python3.12) by extensions ['colcon_pkg']
[0.216s] Level 1:colcon.colcon_core.package_identification:_identify(temp_venv/lib/python3.12) by extension 'colcon_pkg'
[0.216s] Level 1:colcon.colcon_core.package_identification:_identify(temp_venv/lib/python3.12) by extensions ['colcon_meta']
[0.217s] Level 1:colcon.colcon_core.package_identification:_identify(temp_venv/lib/python3.12) by extension 'colcon_meta'
[0.217s] Level 1:colcon.colcon_core.package_identification:_identify(temp_venv/lib/python3.12) by extensions ['ros']
[0.217s] Level 1:colcon.colcon_core.package_identification:_identify(temp_venv/lib/python3.12) by extension 'ros'
[0.217s] Level 1:colcon.colcon_core.package_identification:_identify(temp_venv/lib/python3.12) by extensions ['cmake', 'python']
[0.217s] Level 1:colcon.colcon_core.package_identification:_identify(temp_venv/lib/python3.12) by extension 'cmake'
[0.217s] Level 1:colcon.colcon_core.package_identification:_identify(temp_venv/lib/python3.12) by extension 'python'
[0.217s] Level 1:colcon.colcon_core.package_identification:_identify(temp_venv/lib/python3.12) by extensions ['python_setup_py']
[0.217s] Level 1:colcon.colcon_core.package_identification:_identify(temp_venv/lib/python3.12) by extension 'python_setup_py'
[0.217s] Level 1:colcon.colcon_core.package_identification:_identify(temp_venv/lib/python3.12/site-packages) by extensions ['ignore', 'ignore_ament_install']
[0.217s] Level 1:colcon.colcon_core.package_identification:_identify(temp_venv/lib/python3.12/site-packages) by extension 'ignore'
[0.217s] Level 1:colcon.colcon_core.package_identification:_identify(temp_venv/lib/python3.12/site-packages) by extension 'ignore_ament_install'
[0.217s] Level 1:colcon.colcon_core.package_identification:_identify(temp_venv/lib/python3.12/site-packages) by extensions ['colcon_pkg']
[0.217s] Level 1:colcon.colcon_core.package_identification:_identify(temp_venv/lib/python3.12/site-packages) by extension 'colcon_pkg'
[0.217s] Level 1:colcon.colcon_core.package_identification:_identify(temp_venv/lib/python3.12/site-packages) by extensions ['colcon_meta']
[0.217s] Level 1:colcon.colcon_core.package_identification:_identify(temp_venv/lib/python3.12/site-packages) by extension 'colcon_meta'
[0.217s] Level 1:colcon.colcon_core.package_identification:_identify(temp_venv/lib/python3.12/site-packages) by extensions ['ros']
[0.217s] Level 1:colcon.colcon_core.package_identification:_identify(temp_venv/lib/python3.12/site-packages) by extension 'ros'
[0.217s] Level 1:colcon.colcon_core.package_identification:_identify(temp_venv/lib/python3.12/site-packages) by extensions ['cmake', 'python']
[0.217s] Level 1:colcon.colcon_core.package_identification:_identify(temp_venv/lib/python3.12/site-packages) by extension 'cmake'
[0.217s] Level 1:colcon.colcon_core.package_identification:_identify(temp_venv/lib/python3.12/site-packages) by extension 'python'
[0.217s] Level 1:colcon.colcon_core.package_identification:_identify(temp_venv/lib/python3.12/site-packages) by extensions ['python_setup_py']
[0.217s] Level 1:colcon.colcon_core.package_identification:_identify(temp_venv/lib/python3.12/site-packages) by extension 'python_setup_py'
[0.217s] Level 1:colcon.colcon_core.package_discovery:discover_packages(recursive) using defaults
[0.217s] Level 1:colcon.colcon_core.package_discovery:discover_packages(ignore) discover
[0.217s] Level 1:colcon.colcon_core.package_discovery:discover_packages(ignore) using defaults
[0.217s] Level 1:colcon.colcon_core.package_discovery:discover_packages(path) discover
[0.217s] Level 1:colcon.colcon_core.package_discovery:discover_packages(path) using defaults
[0.237s] Level 1:colcon.colcon_core.package_discovery:discover_packages(prefix_path) check parameters
[0.238s] Level 1:colcon.colcon_core.package_discovery:discover_packages(prefix_path) discover
[0.242s] DEBUG:colcon.colcon_installed_package_information.package_discovery:Found 483 installed packages in /opt/ros/jazzy
[0.243s] Level 1:colcon.colcon_core.package_discovery:discover_packages(prefix_path) using defaults
[0.300s] Level 5:colcon.colcon_core.verb:set package 'household_robot_simulation' build argument 'cmake_args' from command line to 'None'
[0.300s] Level 5:colcon.colcon_core.verb:set package 'household_robot_simulation' build argument 'cmake_target' from command line to 'None'
[0.300s] Level 5:colcon.colcon_core.verb:set package 'household_robot_simulation' build argument 'cmake_target_skip_unavailable' from command line to 'False'
[0.300s] Level 5:colcon.colcon_core.verb:set package 'household_robot_simulation' build argument 'cmake_clean_cache' from command line to 'False'
[0.300s] Level 5:colcon.colcon_core.verb:set package 'household_robot_simulation' build argument 'cmake_clean_first' from command line to 'False'
[0.300s] Level 5:colcon.colcon_core.verb:set package 'household_robot_simulation' build argument 'cmake_force_configure' from command line to 'False'
[0.300s] Level 5:colcon.colcon_core.verb:set package 'household_robot_simulation' build argument 'ament_cmake_args' from command line to 'None'
[0.300s] Level 5:colcon.colcon_core.verb:set package 'household_robot_simulation' build argument 'catkin_cmake_args' from command line to 'None'
[0.300s] Level 5:colcon.colcon_core.verb:set package 'household_robot_simulation' build argument 'catkin_skip_building_tests' from command line to 'False'
[0.300s] DEBUG:colcon.colcon_core.verb:Building package 'household_robot_simulation' with the following arguments: {'ament_cmake_args': None, 'build_base': '/home/rudrarathod/ros2_ws/build/household_robot_simulation', 'catkin_cmake_args': None, 'catkin_skip_building_tests': False, 'cmake_args': None, 'cmake_clean_cache': False, 'cmake_clean_first': False, 'cmake_force_configure': False, 'cmake_target': None, 'cmake_target_skip_unavailable': False, 'install_base': '/home/rudrarathod/ros2_ws/install/household_robot_simulation', 'merge_install': False, 'path': '/home/rudrarathod/ros2_ws/src/household_robot_simulation', 'symlink_install': True, 'test_result_base': None}
[0.300s] INFO:colcon.colcon_core.executor:Executing jobs using 'parallel' executor
[0.301s] DEBUG:colcon.colcon_parallel_executor.executor.parallel:run_until_complete
[0.301s] INFO:colcon.colcon_ros.task.ament_cmake.build:Building ROS package in '/home/rudrarathod/ros2_ws/src/household_robot_simulation' with build type 'ament_cmake'
[0.302s] INFO:colcon.colcon_cmake.task.cmake.build:Building CMake package in '/home/rudrarathod/ros2_ws/src/household_robot_simulation'
[0.306s] INFO:colcon.colcon_core.plugin_system:Skipping extension 'colcon_core.shell.bat': Not used on non-Windows systems
[0.306s] INFO:colcon.colcon_core.shell:Skip shell extension 'powershell' for command environment: Not usable outside of PowerShell
[0.306s] DEBUG:colcon.colcon_core.shell:Skip shell extension 'dsv' for command environment
[0.315s] DEBUG:colcon.colcon_core.event_handler.log_command:Invoking command in '/home/rudrarathod/ros2_ws/build/household_robot_simulation': CMAKE_PREFIX_PATH=${CMAKE_PREFIX_PATH}:/opt/ros/jazzy DEBUGINFOD_URLS=https://debuginfod.ubuntu.com /usr/bin/cmake --build /home/rudrarathod/ros2_ws/build/household_robot_simulation -- -j8 -l8
[0.361s] DEBUG:colcon.colcon_core.event_handler.log_command:Invoked command in '/home/rudrarathod/ros2_ws/build/household_robot_simulation' returned '0': CMAKE_PREFIX_PATH=${CMAKE_PREFIX_PATH}:/opt/ros/jazzy DEBUGINFOD_URLS=https://debuginfod.ubuntu.com /usr/bin/cmake --build /home/rudrarathod/ros2_ws/build/household_robot_simulation -- -j8 -l8
[0.372s] DEBUG:colcon.colcon_core.event_handler.log_command:Invoking command in '/home/rudrarathod/ros2_ws/build/household_robot_simulation': CMAKE_PREFIX_PATH=${CMAKE_PREFIX_PATH}:/opt/ros/jazzy DEBUGINFOD_URLS=https://debuginfod.ubuntu.com /usr/bin/cmake --install /home/rudrarathod/ros2_ws/build/household_robot_simulation
[0.401s] Level 1:colcon.colcon_core.environment:create_environment_scripts_only(household_robot_simulation)
[0.402s] DEBUG:colcon.colcon_core.event_handler.log_command:Invoked command in '/home/rudrarathod/ros2_ws/build/household_robot_simulation' returned '0': CMAKE_PREFIX_PATH=${CMAKE_PREFIX_PATH}:/opt/ros/jazzy DEBUGINFOD_URLS=https://debuginfod.ubuntu.com /usr/bin/cmake --install /home/rudrarathod/ros2_ws/build/household_robot_simulation
[0.406s] Level 1:colcon.colcon_core.environment:checking '/home/rudrarathod/ros2_ws/install/household_robot_simulation' for CMake module files
[0.406s] Level 1:colcon.colcon_core.environment:checking '/home/rudrarathod/ros2_ws/install/household_robot_simulation' for CMake config files
[0.407s] Level 1:colcon.colcon_core.shell:create_environment_hook('household_robot_simulation', 'cmake_prefix_path')
[0.407s] INFO:colcon.colcon_core.shell:Creating environment hook '/home/rudrarathod/ros2_ws/install/household_robot_simulation/share/household_robot_simulation/hook/cmake_prefix_path.ps1'
[0.407s] INFO:colcon.colcon_core.shell:Creating environment descriptor '/home/rudrarathod/ros2_ws/install/household_robot_simulation/share/household_robot_simulation/hook/cmake_prefix_path.dsv'
[0.408s] INFO:colcon.colcon_core.shell:Creating environment hook '/home/rudrarathod/ros2_ws/install/household_robot_simulation/share/household_robot_simulation/hook/cmake_prefix_path.sh'
[0.408s] Level 1:colcon.colcon_core.environment:checking '/home/rudrarathod/ros2_ws/install/household_robot_simulation/lib'
[0.408s] Level 1:colcon.colcon_core.environment:checking '/home/rudrarathod/ros2_ws/install/household_robot_simulation/bin'
[0.408s] Level 1:colcon.colcon_core.environment:checking '/home/rudrarathod/ros2_ws/install/household_robot_simulation/lib/pkgconfig/household_robot_simulation.pc'
[0.409s] Level 1:colcon.colcon_core.environment:checking '/home/rudrarathod/ros2_ws/install/household_robot_simulation/lib/python3.12/site-packages'
[0.409s] Level 1:colcon.colcon_core.environment:checking '/home/rudrarathod/ros2_ws/install/household_robot_simulation/bin'
[0.409s] INFO:colcon.colcon_core.shell:Creating package script '/home/rudrarathod/ros2_ws/install/household_robot_simulation/share/household_robot_simulation/package.ps1'
[0.410s] INFO:colcon.colcon_core.shell:Creating package descriptor '/home/rudrarathod/ros2_ws/install/household_robot_simulation/share/household_robot_simulation/package.dsv'
[0.410s] INFO:colcon.colcon_core.shell:Creating package script '/home/rudrarathod/ros2_ws/install/household_robot_simulation/share/household_robot_simulation/package.sh'
[0.411s] INFO:colcon.colcon_core.shell:Creating package script '/home/rudrarathod/ros2_ws/install/household_robot_simulation/share/household_robot_simulation/package.bash'
[0.411s] INFO:colcon.colcon_core.shell:Creating package script '/home/rudrarathod/ros2_ws/install/household_robot_simulation/share/household_robot_simulation/package.zsh'
[0.411s] Level 1:colcon.colcon_core.environment:create_file_with_runtime_dependencies(/home/rudrarathod/ros2_ws/install/household_robot_simulation/share/colcon-core/packages/household_robot_simulation)
[0.412s] Level 1:colcon.colcon_core.environment:create_environment_scripts_only(household_robot_simulation)
[0.412s] Level 1:colcon.colcon_core.environment:checking '/home/rudrarathod/ros2_ws/install/household_robot_simulation' for CMake module files
[0.412s] Level 1:colcon.colcon_core.environment:checking '/home/rudrarathod/ros2_ws/install/household_robot_simulation' for CMake config files
[0.413s] Level 1:colcon.colcon_core.shell:create_environment_hook('household_robot_simulation', 'cmake_prefix_path')
[0.413s] INFO:colcon.colcon_core.shell:Creating environment hook '/home/rudrarathod/ros2_ws/install/household_robot_simulation/share/household_robot_simulation/hook/cmake_prefix_path.ps1'
[0.413s] INFO:colcon.colcon_core.shell:Creating environment descriptor '/home/rudrarathod/ros2_ws/install/household_robot_simulation/share/household_robot_simulation/hook/cmake_prefix_path.dsv'
[0.413s] INFO:colcon.colcon_core.shell:Creating environment hook '/home/rudrarathod/ros2_ws/install/household_robot_simulation/share/household_robot_simulation/hook/cmake_prefix_path.sh'
[0.414s] Level 1:colcon.colcon_core.environment:checking '/home/rudrarathod/ros2_ws/install/household_robot_simulation/lib'
[0.414s] Level 1:colcon.colcon_core.environment:checking '/home/rudrarathod/ros2_ws/install/household_robot_simulation/bin'
[0.414s] Level 1:colcon.colcon_core.environment:checking '/home/rudrarathod/ros2_ws/install/household_robot_simulation/lib/pkgconfig/household_robot_simulation.pc'
[0.414s] Level 1:colcon.colcon_core.environment:checking '/home/rudrarathod/ros2_ws/install/household_robot_simulation/lib/python3.12/site-packages'
[0.414s] Level 1:colcon.colcon_core.environment:checking '/home/rudrarathod/ros2_ws/install/household_robot_simulation/bin'
[0.414s] INFO:colcon.colcon_core.shell:Creating package script '/home/rudrarathod/ros2_ws/install/household_robot_simulation/share/household_robot_simulation/package.ps1'
[0.415s] INFO:colcon.colcon_core.shell:Creating package descriptor '/home/rudrarathod/ros2_ws/install/household_robot_simulation/share/household_robot_simulation/package.dsv'
[0.415s] INFO:colcon.colcon_core.shell:Creating package script '/home/rudrarathod/ros2_ws/install/household_robot_simulation/share/household_robot_simulation/package.sh'
[0.416s] INFO:colcon.colcon_core.shell:Creating package script '/home/rudrarathod/ros2_ws/install/household_robot_simulation/share/household_robot_simulation/package.bash'
[0.416s] INFO:colcon.colcon_core.shell:Creating package script '/home/rudrarathod/ros2_ws/install/household_robot_simulation/share/household_robot_simulation/package.zsh'
[0.416s] Level 1:colcon.colcon_core.environment:create_file_with_runtime_dependencies(/home/rudrarathod/ros2_ws/install/household_robot_simulation/share/colcon-core/packages/household_robot_simulation)
[0.416s] DEBUG:colcon.colcon_parallel_executor.executor.parallel:closing loop
[0.417s] DEBUG:colcon.colcon_parallel_executor.executor.parallel:loop closed
[0.417s] DEBUG:colcon.colcon_parallel_executor.executor.parallel:run_until_complete finished with '0'
[0.417s] DEBUG:colcon.colcon_core.event_reactor:joining thread
[0.438s] INFO:colcon.colcon_core.plugin_system:Skipping extension 'colcon_notification.desktop_notification.terminal_notifier': Not used on non-Darwin systems
[0.438s] INFO:colcon.colcon_core.plugin_system:Skipping extension 'colcon_notification.desktop_notification.win32': Not used on non-Windows systems
[0.438s] INFO:colcon.colcon_notification.desktop_notification:Sending desktop notification using 'notify2'
[0.448s] DEBUG:colcon.colcon_core.event_reactor:joined thread
[0.448s] INFO:colcon.colcon_core.shell:Creating prefix script '/home/rudrarathod/ros2_ws/install/local_setup.ps1'
[0.449s] INFO:colcon.colcon_core.shell:Creating prefix util module '/home/rudrarathod/ros2_ws/install/_local_setup_util_ps1.py'
[0.450s] INFO:colcon.colcon_core.shell:Creating prefix chain script '/home/rudrarathod/ros2_ws/install/setup.ps1'
[0.451s] INFO:colcon.colcon_core.shell:Creating prefix script '/home/rudrarathod/ros2_ws/install/local_setup.sh'
[0.452s] INFO:colcon.colcon_core.shell:Creating prefix util module '/home/rudrarathod/ros2_ws/install/_local_setup_util_sh.py'
[0.452s] INFO:colcon.colcon_core.shell:Creating prefix chain script '/home/rudrarathod/ros2_ws/install/setup.sh'
[0.453s] INFO:colcon.colcon_core.shell:Creating prefix script '/home/rudrarathod/ros2_ws/install/local_setup.bash'
[0.454s] INFO:colcon.colcon_core.shell:Creating prefix chain script '/home/rudrarathod/ros2_ws/install/setup.bash'
[0.455s] INFO:colcon.colcon_core.shell:Creating prefix script '/home/rudrarathod/ros2_ws/install/local_setup.zsh'
[0.455s] INFO:colcon.colcon_core.shell:Creating prefix chain script '/home/rudrarathod/ros2_ws/install/setup.zsh'
