[0.478s] DEBUG:colcon:Command line arguments: ['/usr/bin/colcon', 'build', '--symlink-install', '--packages-select', 'household_robot_simulation']
[0.478s] DEBUG:colcon:Parsed command line arguments: Namespace(log_base=None, log_level=None, verb_name='build', build_base='build', install_base='install', merge_install=False, symlink_install=True, test_result_base=None, continue_on_error=False, executor='parallel', parallel_workers=8, event_handlers=None, ignore_user_meta=False, metas=['./colcon.meta'], base_paths=['.'], packages_ignore=None, packages_ignore_regex=None, paths=None, packages_up_to=None, packages_up_to_regex=None, packages_above=None, packages_above_and_dependencies=None, packages_above_depth=None, packages_select_by_dep=None, packages_skip_by_dep=None, packages_skip_up_to=None, packages_select_build_failed=False, packages_skip_build_finished=False, packages_select_test_failures=False, packages_skip_test_passed=False, packages_select=['household_robot_simulation'], packages_skip=None, packages_select_regex=None, packages_skip_regex=None, packages_start=None, packages_end=None, allow_overriding=[], cmake_args=None, cmake_target=None, cmake_target_skip_unavailable=False, cmake_clean_cache=False, cmake_clean_first=False, cmake_force_configure=False, ament_cmake_args=None, catkin_cmake_args=None, catkin_skip_building_tests=False, mixin_files=None, mixin=None, verb_parser=<colcon_mixin.mixin.mixin_argument.MixinArgumentDecorator object at 0x72b9f75c13d0>, verb_extension=<colcon_core.verb.build.BuildVerb object at 0x72b9f76d9700>, main=<bound method BuildVerb.main of <colcon_core.verb.build.BuildVerb object at 0x72b9f76d9700>>, mixin_verb=('build',))
[0.683s] Level 1:colcon.colcon_core.package_discovery:discover_packages(colcon_meta) check parameters
[0.685s] Level 1:colcon.colcon_core.package_discovery:discover_packages(recursive) check parameters
[0.685s] Level 1:colcon.colcon_core.package_discovery:discover_packages(ignore) check parameters
[0.685s] Level 1:colcon.colcon_core.package_discovery:discover_packages(path) check parameters
[0.685s] Level 1:colcon.colcon_core.package_discovery:discover_packages(colcon_meta) discover
[0.685s] Level 1:colcon.colcon_core.package_discovery:discover_packages(recursive) discover
[0.685s] INFO:colcon.colcon_core.package_discovery:Crawling recursively for packages in '/home/rudrarathod/ros2_ws'
[0.686s] Level 1:colcon.colcon_core.package_identification:_identify(.) by extensions ['ignore', 'ignore_ament_install']
[0.686s] Level 1:colcon.colcon_core.package_identification:_identify(.) by extension 'ignore'
[0.686s] Level 1:colcon.colcon_core.package_identification:_identify(.) by extension 'ignore_ament_install'
[0.686s] Level 1:colcon.colcon_core.package_identification:_identify(.) by extensions ['colcon_pkg']
[0.686s] Level 1:colcon.colcon_core.package_identification:_identify(.) by extension 'colcon_pkg'
[0.686s] Level 1:colcon.colcon_core.package_identification:_identify(.) by extensions ['colcon_meta']
[0.687s] Level 1:colcon.colcon_core.package_identification:_identify(.) by extension 'colcon_meta'
[0.687s] Level 1:colcon.colcon_core.package_identification:_identify(.) by extensions ['ros']
[0.687s] Level 1:colcon.colcon_core.package_identification:_identify(.) by extension 'ros'
[0.765s] Level 1:colcon.colcon_core.package_identification:_identify(.) by extensions ['cmake', 'python']
[0.765s] Level 1:colcon.colcon_core.package_identification:_identify(.) by extension 'cmake'
[0.765s] Level 1:colcon.colcon_core.package_identification:_identify(.) by extension 'python'
[0.765s] Level 1:colcon.colcon_core.package_identification:_identify(.) by extensions ['python_setup_py']
[0.765s] Level 1:colcon.colcon_core.package_identification:_identify(.) by extension 'python_setup_py'
[0.766s] Level 1:colcon.colcon_core.package_identification:_identify(build) by extensions ['ignore', 'ignore_ament_install']
[0.766s] Level 1:colcon.colcon_core.package_identification:_identify(build) by extension 'ignore'
[0.766s] Level 1:colcon.colcon_core.package_identification:_identify(build) ignored
[0.767s] Level 1:colcon.colcon_core.package_identification:_identify(install) by extensions ['ignore', 'ignore_ament_install']
[0.767s] Level 1:colcon.colcon_core.package_identification:_identify(install) by extension 'ignore'
[0.767s] Level 1:colcon.colcon_core.package_identification:_identify(install) ignored
[0.767s] Level 1:colcon.colcon_core.package_identification:_identify(log) by extensions ['ignore', 'ignore_ament_install']
[0.768s] Level 1:colcon.colcon_core.package_identification:_identify(log) by extension 'ignore'
[0.768s] Level 1:colcon.colcon_core.package_identification:_identify(log) ignored
[0.768s] Level 1:colcon.colcon_core.package_identification:_identify(src) by extensions ['ignore', 'ignore_ament_install']
[0.768s] Level 1:colcon.colcon_core.package_identification:_identify(src) by extension 'ignore'
[0.768s] Level 1:colcon.colcon_core.package_identification:_identify(src) by extension 'ignore_ament_install'
[0.768s] Level 1:colcon.colcon_core.package_identification:_identify(src) by extensions ['colcon_pkg']
[0.768s] Level 1:colcon.colcon_core.package_identification:_identify(src) by extension 'colcon_pkg'
[0.768s] Level 1:colcon.colcon_core.package_identification:_identify(src) by extensions ['colcon_meta']
[0.769s] Level 1:colcon.colcon_core.package_identification:_identify(src) by extension 'colcon_meta'
[0.769s] Level 1:colcon.colcon_core.package_identification:_identify(src) by extensions ['ros']
[0.769s] Level 1:colcon.colcon_core.package_identification:_identify(src) by extension 'ros'
[0.769s] Level 1:colcon.colcon_core.package_identification:_identify(src) by extensions ['cmake', 'python']
[0.769s] Level 1:colcon.colcon_core.package_identification:_identify(src) by extension 'cmake'
[0.769s] Level 1:colcon.colcon_core.package_identification:_identify(src) by extension 'python'
[0.769s] Level 1:colcon.colcon_core.package_identification:_identify(src) by extensions ['python_setup_py']
[0.769s] Level 1:colcon.colcon_core.package_identification:_identify(src) by extension 'python_setup_py'
[0.770s] Level 1:colcon.colcon_core.package_identification:_identify(src/household_robot_simulation) by extensions ['ignore', 'ignore_ament_install']
[0.770s] Level 1:colcon.colcon_core.package_identification:_identify(src/household_robot_simulation) by extension 'ignore'
[0.770s] Level 1:colcon.colcon_core.package_identification:_identify(src/household_robot_simulation) by extension 'ignore_ament_install'
[0.770s] Level 1:colcon.colcon_core.package_identification:_identify(src/household_robot_simulation) by extensions ['colcon_pkg']
[0.770s] Level 1:colcon.colcon_core.package_identification:_identify(src/household_robot_simulation) by extension 'colcon_pkg'
[0.770s] Level 1:colcon.colcon_core.package_identification:_identify(src/household_robot_simulation) by extensions ['colcon_meta']
[0.770s] Level 1:colcon.colcon_core.package_identification:_identify(src/household_robot_simulation) by extension 'colcon_meta'
[0.770s] Level 1:colcon.colcon_core.package_identification:_identify(src/household_robot_simulation) by extensions ['ros']
[0.770s] Level 1:colcon.colcon_core.package_identification:_identify(src/household_robot_simulation) by extension 'ros'
[0.777s] DEBUG:colcon.colcon_core.package_identification:Package 'src/household_robot_simulation' with type 'ros.ament_cmake' and name 'household_robot_simulation'
[0.777s] Level 1:colcon.colcon_core.package_identification:_identify(temp_venv) by extensions ['ignore', 'ignore_ament_install']
[0.778s] Level 1:colcon.colcon_core.package_identification:_identify(temp_venv) by extension 'ignore'
[0.778s] Level 1:colcon.colcon_core.package_identification:_identify(temp_venv) by extension 'ignore_ament_install'
[0.778s] Level 1:colcon.colcon_core.package_identification:_identify(temp_venv) by extensions ['colcon_pkg']
[0.778s] Level 1:colcon.colcon_core.package_identification:_identify(temp_venv) by extension 'colcon_pkg'
[0.778s] Level 1:colcon.colcon_core.package_identification:_identify(temp_venv) by extensions ['colcon_meta']
[0.778s] Level 1:colcon.colcon_core.package_identification:_identify(temp_venv) by extension 'colcon_meta'
[0.778s] Level 1:colcon.colcon_core.package_identification:_identify(temp_venv) by extensions ['ros']
[0.779s] Level 1:colcon.colcon_core.package_identification:_identify(temp_venv) by extension 'ros'
[0.779s] Level 1:colcon.colcon_core.package_identification:_identify(temp_venv) by extensions ['cmake', 'python']
[0.779s] Level 1:colcon.colcon_core.package_identification:_identify(temp_venv) by extension 'cmake'
[0.779s] Level 1:colcon.colcon_core.package_identification:_identify(temp_venv) by extension 'python'
[0.779s] Level 1:colcon.colcon_core.package_identification:_identify(temp_venv) by extensions ['python_setup_py']
[0.779s] Level 1:colcon.colcon_core.package_identification:_identify(temp_venv) by extension 'python_setup_py'
[0.779s] Level 1:colcon.colcon_core.package_identification:_identify(temp_venv/bin) by extensions ['ignore', 'ignore_ament_install']
[0.780s] Level 1:colcon.colcon_core.package_identification:_identify(temp_venv/bin) by extension 'ignore'
[0.780s] Level 1:colcon.colcon_core.package_identification:_identify(temp_venv/bin) by extension 'ignore_ament_install'
[0.780s] Level 1:colcon.colcon_core.package_identification:_identify(temp_venv/bin) by extensions ['colcon_pkg']
[0.780s] Level 1:colcon.colcon_core.package_identification:_identify(temp_venv/bin) by extension 'colcon_pkg'
[0.780s] Level 1:colcon.colcon_core.package_identification:_identify(temp_venv/bin) by extensions ['colcon_meta']
[0.780s] Level 1:colcon.colcon_core.package_identification:_identify(temp_venv/bin) by extension 'colcon_meta'
[0.780s] Level 1:colcon.colcon_core.package_identification:_identify(temp_venv/bin) by extensions ['ros']
[0.780s] Level 1:colcon.colcon_core.package_identification:_identify(temp_venv/bin) by extension 'ros'
[0.781s] Level 1:colcon.colcon_core.package_identification:_identify(temp_venv/bin) by extensions ['cmake', 'python']
[0.781s] Level 1:colcon.colcon_core.package_identification:_identify(temp_venv/bin) by extension 'cmake'
[0.781s] Level 1:colcon.colcon_core.package_identification:_identify(temp_venv/bin) by extension 'python'
[0.781s] Level 1:colcon.colcon_core.package_identification:_identify(temp_venv/bin) by extensions ['python_setup_py']
[0.781s] Level 1:colcon.colcon_core.package_identification:_identify(temp_venv/bin) by extension 'python_setup_py'
[0.781s] Level 1:colcon.colcon_core.package_identification:_identify(temp_venv/include) by extensions ['ignore', 'ignore_ament_install']
[0.781s] Level 1:colcon.colcon_core.package_identification:_identify(temp_venv/include) by extension 'ignore'
[0.782s] Level 1:colcon.colcon_core.package_identification:_identify(temp_venv/include) by extension 'ignore_ament_install'
[0.782s] Level 1:colcon.colcon_core.package_identification:_identify(temp_venv/include) by extensions ['colcon_pkg']
[0.782s] Level 1:colcon.colcon_core.package_identification:_identify(temp_venv/include) by extension 'colcon_pkg'
[0.782s] Level 1:colcon.colcon_core.package_identification:_identify(temp_venv/include) by extensions ['colcon_meta']
[0.782s] Level 1:colcon.colcon_core.package_identification:_identify(temp_venv/include) by extension 'colcon_meta'
[0.782s] Level 1:colcon.colcon_core.package_identification:_identify(temp_venv/include) by extensions ['ros']
[0.782s] Level 1:colcon.colcon_core.package_identification:_identify(temp_venv/include) by extension 'ros'
[0.782s] Level 1:colcon.colcon_core.package_identification:_identify(temp_venv/include) by extensions ['cmake', 'python']
[0.782s] Level 1:colcon.colcon_core.package_identification:_identify(temp_venv/include) by extension 'cmake'
[0.783s] Level 1:colcon.colcon_core.package_identification:_identify(temp_venv/include) by extension 'python'
[0.783s] Level 1:colcon.colcon_core.package_identification:_identify(temp_venv/include) by extensions ['python_setup_py']
[0.783s] Level 1:colcon.colcon_core.package_identification:_identify(temp_venv/include) by extension 'python_setup_py'
[0.783s] Level 1:colcon.colcon_core.package_identification:_identify(temp_venv/include/python3.12) by extensions ['ignore', 'ignore_ament_install']
[0.783s] Level 1:colcon.colcon_core.package_identification:_identify(temp_venv/include/python3.12) by extension 'ignore'
[0.783s] Level 1:colcon.colcon_core.package_identification:_identify(temp_venv/include/python3.12) by extension 'ignore_ament_install'
[0.784s] Level 1:colcon.colcon_core.package_identification:_identify(temp_venv/include/python3.12) by extensions ['colcon_pkg']
[0.784s] Level 1:colcon.colcon_core.package_identification:_identify(temp_venv/include/python3.12) by extension 'colcon_pkg'
[0.784s] Level 1:colcon.colcon_core.package_identification:_identify(temp_venv/include/python3.12) by extensions ['colcon_meta']
[0.784s] Level 1:colcon.colcon_core.package_identification:_identify(temp_venv/include/python3.12) by extension 'colcon_meta'
[0.784s] Level 1:colcon.colcon_core.package_identification:_identify(temp_venv/include/python3.12) by extensions ['ros']
[0.784s] Level 1:colcon.colcon_core.package_identification:_identify(temp_venv/include/python3.12) by extension 'ros'
[0.785s] Level 1:colcon.colcon_core.package_identification:_identify(temp_venv/include/python3.12) by extensions ['cmake', 'python']
[0.785s] Level 1:colcon.colcon_core.package_identification:_identify(temp_venv/include/python3.12) by extension 'cmake'
[0.785s] Level 1:colcon.colcon_core.package_identification:_identify(temp_venv/include/python3.12) by extension 'python'
[0.785s] Level 1:colcon.colcon_core.package_identification:_identify(temp_venv/include/python3.12) by extensions ['python_setup_py']
[0.785s] Level 1:colcon.colcon_core.package_identification:_identify(temp_venv/include/python3.12) by extension 'python_setup_py'
[0.785s] Level 1:colcon.colcon_core.package_identification:_identify(temp_venv/lib) by extensions ['ignore', 'ignore_ament_install']
[0.785s] Level 1:colcon.colcon_core.package_identification:_identify(temp_venv/lib) by extension 'ignore'
[0.786s] Level 1:colcon.colcon_core.package_identification:_identify(temp_venv/lib) by extension 'ignore_ament_install'
[0.786s] Level 1:colcon.colcon_core.package_identification:_identify(temp_venv/lib) by extensions ['colcon_pkg']
[0.786s] Level 1:colcon.colcon_core.package_identification:_identify(temp_venv/lib) by extension 'colcon_pkg'
[0.786s] Level 1:colcon.colcon_core.package_identification:_identify(temp_venv/lib) by extensions ['colcon_meta']
[0.786s] Level 1:colcon.colcon_core.package_identification:_identify(temp_venv/lib) by extension 'colcon_meta'
[0.786s] Level 1:colcon.colcon_core.package_identification:_identify(temp_venv/lib) by extensions ['ros']
[0.786s] Level 1:colcon.colcon_core.package_identification:_identify(temp_venv/lib) by extension 'ros'
[0.786s] Level 1:colcon.colcon_core.package_identification:_identify(temp_venv/lib) by extensions ['cmake', 'python']
[0.786s] Level 1:colcon.colcon_core.package_identification:_identify(temp_venv/lib) by extension 'cmake'
[0.787s] Level 1:colcon.colcon_core.package_identification:_identify(temp_venv/lib) by extension 'python'
[0.787s] Level 1:colcon.colcon_core.package_identification:_identify(temp_venv/lib) by extensions ['python_setup_py']
[0.787s] Level 1:colcon.colcon_core.package_identification:_identify(temp_venv/lib) by extension 'python_setup_py'
[0.787s] Level 1:colcon.colcon_core.package_identification:_identify(temp_venv/lib/python3.12) by extensions ['ignore', 'ignore_ament_install']
[0.788s] Level 1:colcon.colcon_core.package_identification:_identify(temp_venv/lib/python3.12) by extension 'ignore'
[0.788s] Level 1:colcon.colcon_core.package_identification:_identify(temp_venv/lib/python3.12) by extension 'ignore_ament_install'
[0.788s] Level 1:colcon.colcon_core.package_identification:_identify(temp_venv/lib/python3.12) by extensions ['colcon_pkg']
[0.788s] Level 1:colcon.colcon_core.package_identification:_identify(temp_venv/lib/python3.12) by extension 'colcon_pkg'
[0.788s] Level 1:colcon.colcon_core.package_identification:_identify(temp_venv/lib/python3.12) by extensions ['colcon_meta']
[0.788s] Level 1:colcon.colcon_core.package_identification:_identify(temp_venv/lib/python3.12) by extension 'colcon_meta'
[0.788s] Level 1:colcon.colcon_core.package_identification:_identify(temp_venv/lib/python3.12) by extensions ['ros']
[0.788s] Level 1:colcon.colcon_core.package_identification:_identify(temp_venv/lib/python3.12) by extension 'ros'
[0.789s] Level 1:colcon.colcon_core.package_identification:_identify(temp_venv/lib/python3.12) by extensions ['cmake', 'python']
[0.789s] Level 1:colcon.colcon_core.package_identification:_identify(temp_venv/lib/python3.12) by extension 'cmake'
[0.789s] Level 1:colcon.colcon_core.package_identification:_identify(temp_venv/lib/python3.12) by extension 'python'
[0.789s] Level 1:colcon.colcon_core.package_identification:_identify(temp_venv/lib/python3.12) by extensions ['python_setup_py']
[0.789s] Level 1:colcon.colcon_core.package_identification:_identify(temp_venv/lib/python3.12) by extension 'python_setup_py'
[0.790s] Level 1:colcon.colcon_core.package_identification:_identify(temp_venv/lib/python3.12/site-packages) by extensions ['ignore', 'ignore_ament_install']
[0.790s] Level 1:colcon.colcon_core.package_identification:_identify(temp_venv/lib/python3.12/site-packages) by extension 'ignore'
[0.790s] Level 1:colcon.colcon_core.package_identification:_identify(temp_venv/lib/python3.12/site-packages) by extension 'ignore_ament_install'
[0.790s] Level 1:colcon.colcon_core.package_identification:_identify(temp_venv/lib/python3.12/site-packages) by extensions ['colcon_pkg']
[0.790s] Level 1:colcon.colcon_core.package_identification:_identify(temp_venv/lib/python3.12/site-packages) by extension 'colcon_pkg'
[0.790s] Level 1:colcon.colcon_core.package_identification:_identify(temp_venv/lib/python3.12/site-packages) by extensions ['colcon_meta']
[0.790s] Level 1:colcon.colcon_core.package_identification:_identify(temp_venv/lib/python3.12/site-packages) by extension 'colcon_meta'
[0.791s] Level 1:colcon.colcon_core.package_identification:_identify(temp_venv/lib/python3.12/site-packages) by extensions ['ros']
[0.791s] Level 1:colcon.colcon_core.package_identification:_identify(temp_venv/lib/python3.12/site-packages) by extension 'ros'
[0.791s] Level 1:colcon.colcon_core.package_identification:_identify(temp_venv/lib/python3.12/site-packages) by extensions ['cmake', 'python']
[0.791s] Level 1:colcon.colcon_core.package_identification:_identify(temp_venv/lib/python3.12/site-packages) by extension 'cmake'
[0.791s] Level 1:colcon.colcon_core.package_identification:_identify(temp_venv/lib/python3.12/site-packages) by extension 'python'
[0.791s] Level 1:colcon.colcon_core.package_identification:_identify(temp_venv/lib/python3.12/site-packages) by extensions ['python_setup_py']
[0.791s] Level 1:colcon.colcon_core.package_identification:_identify(temp_venv/lib/python3.12/site-packages) by extension 'python_setup_py'
[0.792s] Level 1:colcon.colcon_core.package_discovery:discover_packages(recursive) using defaults
[0.792s] Level 1:colcon.colcon_core.package_discovery:discover_packages(ignore) discover
[0.792s] Level 1:colcon.colcon_core.package_discovery:discover_packages(ignore) using defaults
[0.792s] Level 1:colcon.colcon_core.package_discovery:discover_packages(path) discover
[0.792s] Level 1:colcon.colcon_core.package_discovery:discover_packages(path) using defaults
[0.873s] Level 1:colcon.colcon_core.package_discovery:discover_packages(prefix_path) check parameters
[0.873s] Level 1:colcon.colcon_core.package_discovery:discover_packages(prefix_path) discover
[0.886s] DEBUG:colcon.colcon_installed_package_information.package_discovery:Found 483 installed packages in /opt/ros/jazzy
[0.891s] Level 1:colcon.colcon_core.package_discovery:discover_packages(prefix_path) using defaults
[1.102s] Level 5:colcon.colcon_core.verb:set package 'household_robot_simulation' build argument 'cmake_args' from command line to 'None'
[1.102s] Level 5:colcon.colcon_core.verb:set package 'household_robot_simulation' build argument 'cmake_target' from command line to 'None'
[1.102s] Level 5:colcon.colcon_core.verb:set package 'household_robot_simulation' build argument 'cmake_target_skip_unavailable' from command line to 'False'
[1.102s] Level 5:colcon.colcon_core.verb:set package 'household_robot_simulation' build argument 'cmake_clean_cache' from command line to 'False'
[1.102s] Level 5:colcon.colcon_core.verb:set package 'household_robot_simulation' build argument 'cmake_clean_first' from command line to 'False'
[1.102s] Level 5:colcon.colcon_core.verb:set package 'household_robot_simulation' build argument 'cmake_force_configure' from command line to 'False'
[1.102s] Level 5:colcon.colcon_core.verb:set package 'household_robot_simulation' build argument 'ament_cmake_args' from command line to 'None'
[1.102s] Level 5:colcon.colcon_core.verb:set package 'household_robot_simulation' build argument 'catkin_cmake_args' from command line to 'None'
[1.102s] Level 5:colcon.colcon_core.verb:set package 'household_robot_simulation' build argument 'catkin_skip_building_tests' from command line to 'False'
[1.102s] DEBUG:colcon.colcon_core.verb:Building package 'household_robot_simulation' with the following arguments: {'ament_cmake_args': None, 'build_base': '/home/rudrarathod/ros2_ws/build/household_robot_simulation', 'catkin_cmake_args': None, 'catkin_skip_building_tests': False, 'cmake_args': None, 'cmake_clean_cache': False, 'cmake_clean_first': False, 'cmake_force_configure': False, 'cmake_target': None, 'cmake_target_skip_unavailable': False, 'install_base': '/home/rudrarathod/ros2_ws/install/household_robot_simulation', 'merge_install': False, 'path': '/home/rudrarathod/ros2_ws/src/household_robot_simulation', 'symlink_install': True, 'test_result_base': None}
[1.103s] INFO:colcon.colcon_core.executor:Executing jobs using 'parallel' executor
[1.107s] DEBUG:colcon.colcon_parallel_executor.executor.parallel:run_until_complete
[1.108s] INFO:colcon.colcon_ros.task.ament_cmake.build:Building ROS package in '/home/rudrarathod/ros2_ws/src/household_robot_simulation' with build type 'ament_cmake'
[1.108s] INFO:colcon.colcon_cmake.task.cmake.build:Building CMake package in '/home/rudrarathod/ros2_ws/src/household_robot_simulation'
[1.126s] INFO:colcon.colcon_core.plugin_system:Skipping extension 'colcon_core.shell.bat': Not used on non-Windows systems
[1.127s] INFO:colcon.colcon_core.shell:Skip shell extension 'powershell' for command environment: Not usable outside of PowerShell
[1.127s] DEBUG:colcon.colcon_core.shell:Skip shell extension 'dsv' for command environment
[1.166s] DEBUG:colcon.colcon_core.event_handler.log_command:Invoking command in '/home/rudrarathod/ros2_ws/build/household_robot_simulation': CMAKE_PREFIX_PATH=${CMAKE_PREFIX_PATH}:/opt/ros/jazzy DEBUGINFOD_URLS=https://debuginfod.ubuntu.com /usr/bin/cmake --build /home/rudrarathod/ros2_ws/build/household_robot_simulation -- -j8 -l8
[1.318s] DEBUG:colcon.colcon_core.event_handler.log_command:Invoked command in '/home/rudrarathod/ros2_ws/build/household_robot_simulation' returned '0': CMAKE_PREFIX_PATH=${CMAKE_PREFIX_PATH}:/opt/ros/jazzy DEBUGINFOD_URLS=https://debuginfod.ubuntu.com /usr/bin/cmake --build /home/rudrarathod/ros2_ws/build/household_robot_simulation -- -j8 -l8
[1.354s] DEBUG:colcon.colcon_core.event_handler.log_command:Invoking command in '/home/rudrarathod/ros2_ws/build/household_robot_simulation': CMAKE_PREFIX_PATH=${CMAKE_PREFIX_PATH}:/opt/ros/jazzy DEBUGINFOD_URLS=https://debuginfod.ubuntu.com /usr/bin/cmake --install /home/rudrarathod/ros2_ws/build/household_robot_simulation
[1.446s] Level 1:colcon.colcon_core.environment:create_environment_scripts_only(household_robot_simulation)
[1.447s] DEBUG:colcon.colcon_core.event_handler.log_command:Invoked command in '/home/rudrarathod/ros2_ws/build/household_robot_simulation' returned '0': CMAKE_PREFIX_PATH=${CMAKE_PREFIX_PATH}:/opt/ros/jazzy DEBUGINFOD_URLS=https://debuginfod.ubuntu.com /usr/bin/cmake --install /home/rudrarathod/ros2_ws/build/household_robot_simulation
[1.458s] Level 1:colcon.colcon_core.environment:checking '/home/rudrarathod/ros2_ws/install/household_robot_simulation' for CMake module files
[1.464s] Level 1:colcon.colcon_core.environment:checking '/home/rudrarathod/ros2_ws/install/household_robot_simulation' for CMake config files
[1.466s] Level 1:colcon.colcon_core.shell:create_environment_hook('household_robot_simulation', 'cmake_prefix_path')
[1.466s] INFO:colcon.colcon_core.shell:Creating environment hook '/home/rudrarathod/ros2_ws/install/household_robot_simulation/share/household_robot_simulation/hook/cmake_prefix_path.ps1'
[1.470s] INFO:colcon.colcon_core.shell:Creating environment descriptor '/home/rudrarathod/ros2_ws/install/household_robot_simulation/share/household_robot_simulation/hook/cmake_prefix_path.dsv'
[1.473s] INFO:colcon.colcon_core.shell:Creating environment hook '/home/rudrarathod/ros2_ws/install/household_robot_simulation/share/household_robot_simulation/hook/cmake_prefix_path.sh'
[1.477s] Level 1:colcon.colcon_core.environment:checking '/home/rudrarathod/ros2_ws/install/household_robot_simulation/lib'
[1.478s] Level 1:colcon.colcon_core.environment:checking '/home/rudrarathod/ros2_ws/install/household_robot_simulation/bin'
[1.478s] Level 1:colcon.colcon_core.environment:checking '/home/rudrarathod/ros2_ws/install/household_robot_simulation/lib/pkgconfig/household_robot_simulation.pc'
[1.478s] Level 1:colcon.colcon_core.environment:checking '/home/rudrarathod/ros2_ws/install/household_robot_simulation/lib/python3.12/site-packages'
[1.479s] Level 1:colcon.colcon_core.environment:checking '/home/rudrarathod/ros2_ws/install/household_robot_simulation/bin'
[1.480s] INFO:colcon.colcon_core.shell:Creating package script '/home/rudrarathod/ros2_ws/install/household_robot_simulation/share/household_robot_simulation/package.ps1'
[1.484s] INFO:colcon.colcon_core.shell:Creating package descriptor '/home/rudrarathod/ros2_ws/install/household_robot_simulation/share/household_robot_simulation/package.dsv'
[1.486s] INFO:colcon.colcon_core.shell:Creating package script '/home/rudrarathod/ros2_ws/install/household_robot_simulation/share/household_robot_simulation/package.sh'
[1.489s] INFO:colcon.colcon_core.shell:Creating package script '/home/rudrarathod/ros2_ws/install/household_robot_simulation/share/household_robot_simulation/package.bash'
[1.492s] INFO:colcon.colcon_core.shell:Creating package script '/home/rudrarathod/ros2_ws/install/household_robot_simulation/share/household_robot_simulation/package.zsh'
[1.497s] Level 1:colcon.colcon_core.environment:create_file_with_runtime_dependencies(/home/rudrarathod/ros2_ws/install/household_robot_simulation/share/colcon-core/packages/household_robot_simulation)
[1.501s] Level 1:colcon.colcon_core.environment:create_environment_scripts_only(household_robot_simulation)
[1.502s] Level 1:colcon.colcon_core.environment:checking '/home/rudrarathod/ros2_ws/install/household_robot_simulation' for CMake module files
[1.508s] Level 1:colcon.colcon_core.environment:checking '/home/rudrarathod/ros2_ws/install/household_robot_simulation' for CMake config files
[1.509s] Level 1:colcon.colcon_core.shell:create_environment_hook('household_robot_simulation', 'cmake_prefix_path')
[1.510s] INFO:colcon.colcon_core.shell:Creating environment hook '/home/rudrarathod/ros2_ws/install/household_robot_simulation/share/household_robot_simulation/hook/cmake_prefix_path.ps1'
[1.511s] INFO:colcon.colcon_core.shell:Creating environment descriptor '/home/rudrarathod/ros2_ws/install/household_robot_simulation/share/household_robot_simulation/hook/cmake_prefix_path.dsv'
[1.513s] INFO:colcon.colcon_core.shell:Creating environment hook '/home/rudrarathod/ros2_ws/install/household_robot_simulation/share/household_robot_simulation/hook/cmake_prefix_path.sh'
[1.514s] Level 1:colcon.colcon_core.environment:checking '/home/rudrarathod/ros2_ws/install/household_robot_simulation/lib'
[1.514s] Level 1:colcon.colcon_core.environment:checking '/home/rudrarathod/ros2_ws/install/household_robot_simulation/bin'
[1.515s] Level 1:colcon.colcon_core.environment:checking '/home/rudrarathod/ros2_ws/install/household_robot_simulation/lib/pkgconfig/household_robot_simulation.pc'
[1.515s] Level 1:colcon.colcon_core.environment:checking '/home/rudrarathod/ros2_ws/install/household_robot_simulation/lib/python3.12/site-packages'
[1.516s] Level 1:colcon.colcon_core.environment:checking '/home/rudrarathod/ros2_ws/install/household_robot_simulation/bin'
[1.517s] INFO:colcon.colcon_core.shell:Creating package script '/home/rudrarathod/ros2_ws/install/household_robot_simulation/share/household_robot_simulation/package.ps1'
[1.519s] INFO:colcon.colcon_core.shell:Creating package descriptor '/home/rudrarathod/ros2_ws/install/household_robot_simulation/share/household_robot_simulation/package.dsv'
[1.520s] INFO:colcon.colcon_core.shell:Creating package script '/home/rudrarathod/ros2_ws/install/household_robot_simulation/share/household_robot_simulation/package.sh'
[1.521s] INFO:colcon.colcon_core.shell:Creating package script '/home/rudrarathod/ros2_ws/install/household_robot_simulation/share/household_robot_simulation/package.bash'
[1.522s] INFO:colcon.colcon_core.shell:Creating package script '/home/rudrarathod/ros2_ws/install/household_robot_simulation/share/household_robot_simulation/package.zsh'
[1.524s] Level 1:colcon.colcon_core.environment:create_file_with_runtime_dependencies(/home/rudrarathod/ros2_ws/install/household_robot_simulation/share/colcon-core/packages/household_robot_simulation)
[1.525s] DEBUG:colcon.colcon_parallel_executor.executor.parallel:closing loop
[1.525s] DEBUG:colcon.colcon_parallel_executor.executor.parallel:loop closed
[1.528s] DEBUG:colcon.colcon_parallel_executor.executor.parallel:run_until_complete finished with '0'
[1.528s] DEBUG:colcon.colcon_core.event_reactor:joining thread
[1.598s] INFO:colcon.colcon_core.plugin_system:Skipping extension 'colcon_notification.desktop_notification.terminal_notifier': Not used on non-Darwin systems
[1.598s] INFO:colcon.colcon_core.plugin_system:Skipping extension 'colcon_notification.desktop_notification.win32': Not used on non-Windows systems
[1.599s] INFO:colcon.colcon_notification.desktop_notification:Sending desktop notification using 'notify2'
[1.645s] DEBUG:colcon.colcon_core.event_reactor:joined thread
[1.646s] INFO:colcon.colcon_core.shell:Creating prefix script '/home/rudrarathod/ros2_ws/install/local_setup.ps1'
[1.649s] INFO:colcon.colcon_core.shell:Creating prefix util module '/home/rudrarathod/ros2_ws/install/_local_setup_util_ps1.py'
[1.656s] INFO:colcon.colcon_core.shell:Creating prefix chain script '/home/rudrarathod/ros2_ws/install/setup.ps1'
[1.662s] INFO:colcon.colcon_core.shell:Creating prefix script '/home/rudrarathod/ros2_ws/install/local_setup.sh'
[1.665s] INFO:colcon.colcon_core.shell:Creating prefix util module '/home/rudrarathod/ros2_ws/install/_local_setup_util_sh.py'
[1.667s] INFO:colcon.colcon_core.shell:Creating prefix chain script '/home/rudrarathod/ros2_ws/install/setup.sh'
[1.673s] INFO:colcon.colcon_core.shell:Creating prefix script '/home/rudrarathod/ros2_ws/install/local_setup.bash'
[1.679s] INFO:colcon.colcon_core.shell:Creating prefix chain script '/home/rudrarathod/ros2_ws/install/setup.bash'
[1.682s] INFO:colcon.colcon_core.shell:Creating prefix script '/home/rudrarathod/ros2_ws/install/local_setup.zsh'
[1.686s] INFO:colcon.colcon_core.shell:Creating prefix chain script '/home/rudrarathod/ros2_ws/install/setup.zsh'
