[0.010s] Invoking command in '/home/rudrarathod/ros2_ws/build/household_robot_simulation': CMAKE_PREFIX_PATH=${CMAKE_PREFIX_PATH}:/opt/ros/jazzy DEBUGINFOD_URLS=https://debuginfod.ubuntu.com /usr/bin/cmake --build /home/rudrarathod/ros2_ws/build/household_robot_simulation -- -j8 -l8
[0.039s] -- Found ament_cmake: 2.5.6 (/opt/ros/jazzy/share/ament_cmake/cmake)
[0.227s] -- Override CMake install command with custom implementation using symlinks instead of copying resources
[0.325s] -- Configuring done (0.3s)
[0.334s] -- Generating done (0.0s)
[0.337s] -- Build files have been written to: /home/rudrarathod/ros2_ws/build/household_robot_simulation
[0.355s] Invoked command in '/home/rudrarathod/ros2_ws/build/household_robot_simulation' returned '0': CMAKE_PREFIX_PATH=${CMAKE_PREFIX_PATH}:/opt/ros/jazzy DEBUGINFOD_URLS=https://debuginfod.ubuntu.com /usr/bin/cmake --build /home/rudrarathod/ros2_ws/build/household_robot_simulation -- -j8 -l8
[0.363s] Invoking command in '/home/rudrarathod/ros2_ws/build/household_robot_simulation': CMAKE_PREFIX_PATH=${CMAKE_PREFIX_PATH}:/opt/ros/jazzy DEBUGINFOD_URLS=https://debuginfod.ubuntu.com /usr/bin/cmake --install /home/rudrarathod/ros2_ws/build/household_robot_simulation
[0.370s] -- Install configuration: ""
[0.370s] -- Execute custom install script
[0.371s] -- Up-to-date symlink: /home/rudrarathod/ros2_ws/install/household_robot_simulation/share/household_robot_simulation/launch/simulation.launch.py
[0.371s] -- Up-to-date symlink: /home/rudrarathod/ros2_ws/install/household_robot_simulation/share/household_robot_simulation/worlds/house.sdf
[0.371s] -- Up-to-date symlink: /home/rudrarathod/ros2_ws/install/household_robot_simulation/share/household_robot_simulation/urdf/custom_robot.urdf
[0.371s] -- Up-to-date symlink: /home/rudrarathod/ros2_ws/install/household_robot_simulation/share/household_robot_simulation/rviz/robot.rviz
[0.372s] -- Up-to-date symlink: /home/rudrarathod/ros2_ws/install/household_robot_simulation/share/household_robot_simulation/config/bridge_config.yaml
[0.372s] -- Up-to-date symlink: /home/rudrarathod/ros2_ws/install/household_robot_simulation/share/household_robot_simulation/config/slam_toolbox_params.yaml
[0.372s] -- Up-to-date symlink: /home/rudrarathod/ros2_ws/install/household_robot_simulation/lib/household_robot_simulation/teleop_keyboard.py
[0.372s] -- Up-to-date symlink: /home/rudrarathod/ros2_ws/install/household_robot_simulation/lib/household_robot_simulation/odom_tf_publisher.py
[0.372s] -- Up-to-date symlink: /home/rudrarathod/ros2_ws/install/household_robot_simulation/share/ament_index/resource_index/package_run_dependencies/household_robot_simulation
[0.372s] -- Up-to-date symlink: /home/rudrarathod/ros2_ws/install/household_robot_simulation/share/ament_index/resource_index/parent_prefix_path/household_robot_simulation
[0.372s] -- Up-to-date symlink: /home/rudrarathod/ros2_ws/install/household_robot_simulation/share/household_robot_simulation/environment/ament_prefix_path.sh
[0.372s] -- Up-to-date symlink: /home/rudrarathod/ros2_ws/install/household_robot_simulation/share/household_robot_simulation/environment/ament_prefix_path.dsv
[0.373s] -- Up-to-date symlink: /home/rudrarathod/ros2_ws/install/household_robot_simulation/share/household_robot_simulation/environment/path.sh
[0.373s] -- Up-to-date symlink: /home/rudrarathod/ros2_ws/install/household_robot_simulation/share/household_robot_simulation/environment/path.dsv
[0.373s] -- Up-to-date symlink: /home/rudrarathod/ros2_ws/install/household_robot_simulation/share/household_robot_simulation/local_setup.bash
[0.373s] -- Up-to-date symlink: /home/rudrarathod/ros2_ws/install/household_robot_simulation/share/household_robot_simulation/local_setup.sh
[0.373s] -- Up-to-date symlink: /home/rudrarathod/ros2_ws/install/household_robot_simulation/share/household_robot_simulation/local_setup.zsh
[0.373s] -- Up-to-date symlink: /home/rudrarathod/ros2_ws/install/household_robot_simulation/share/household_robot_simulation/local_setup.dsv
[0.374s] -- Symlinking: /home/rudrarathod/ros2_ws/install/household_robot_simulation/share/household_robot_simulation/package.dsv
[0.381s] -- Up-to-date symlink: /home/rudrarathod/ros2_ws/install/household_robot_simulation/share/ament_index/resource_index/packages/household_robot_simulation
[0.381s] -- Up-to-date symlink: /home/rudrarathod/ros2_ws/install/household_robot_simulation/share/household_robot_simulation/cmake/household_robot_simulationConfig.cmake
[0.381s] -- Up-to-date symlink: /home/rudrarathod/ros2_ws/install/household_robot_simulation/share/household_robot_simulation/cmake/household_robot_simulationConfig-version.cmake
[0.382s] -- Up-to-date symlink: /home/rudrarathod/ros2_ws/install/household_robot_simulation/share/household_robot_simulation/package.xml
[0.383s] Invoked command in '/home/rudrarathod/ros2_ws/build/household_robot_simulation' returned '0': CMAKE_PREFIX_PATH=${CMAKE_PREFIX_PATH}:/opt/ros/jazzy DEBUGINFOD_URLS=https://debuginfod.ubuntu.com /usr/bin/cmake --install /home/rudrarathod/ros2_ws/build/household_robot_simulation
