[0.475s] DEBUG:colcon:Command line arguments: ['/usr/bin/colcon', 'build', '--packages-select', 'household_robot_simulation']
[0.475s] DEBUG:colcon:Parsed command line arguments: Namespace(log_base=None, log_level=None, verb_name='build', build_base='build', install_base='install', merge_install=False, symlink_install=False, test_result_base=None, continue_on_error=False, executor='parallel', parallel_workers=8, event_handlers=None, ignore_user_meta=False, metas=['./colcon.meta'], base_paths=['.'], packages_ignore=None, packages_ignore_regex=None, paths=None, packages_up_to=None, packages_up_to_regex=None, packages_above=None, packages_above_and_dependencies=None, packages_above_depth=None, packages_select_by_dep=None, packages_skip_by_dep=None, packages_skip_up_to=None, packages_select_build_failed=False, packages_skip_build_finished=False, packages_select_test_failures=False, packages_skip_test_passed=False, packages_select=['household_robot_simulation'], packages_skip=None, packages_select_regex=None, packages_skip_regex=None, packages_start=None, packages_end=None, allow_overriding=[], cmake_args=None, cmake_target=None, cmake_target_skip_unavailable=False, cmake_clean_cache=False, cmake_clean_first=False, cmake_force_configure=False, ament_cmake_args=None, catkin_cmake_args=None, catkin_skip_building_tests=False, mixin_files=None, mixin=None, verb_parser=<colcon_mixin.mixin.mixin_argument.MixinArgumentDecorator object at 0x7faba03b4bf0>, verb_extension=<colcon_core.verb.build.BuildVerb object at 0x7faba04cd0a0>, main=<bound method BuildVerb.main of <colcon_core.verb.build.BuildVerb object at 0x7faba04cd0a0>>, mixin_verb=('build',))
[0.594s] Level 1:colcon.colcon_core.package_discovery:discover_packages(colcon_meta) check parameters
[0.594s] Level 1:colcon.colcon_core.package_discovery:discover_packages(recursive) check parameters
[0.594s] Level 1:colcon.colcon_core.package_discovery:discover_packages(ignore) check parameters
[0.594s] Level 1:colcon.colcon_core.package_discovery:discover_packages(path) check parameters
[0.594s] Level 1:colcon.colcon_core.package_discovery:discover_packages(colcon_meta) discover
[0.594s] Level 1:colcon.colcon_core.package_discovery:discover_packages(recursive) discover
[0.594s] INFO:colcon.colcon_core.package_discovery:Crawling recursively for packages in '/home/rudrarathod/ros2_ws'
[0.595s] Level 1:colcon.colcon_core.package_identification:_identify(.) by extensions ['ignore', 'ignore_ament_install']
[0.595s] Level 1:colcon.colcon_core.package_identification:_identify(.) by extension 'ignore'
[0.595s] Level 1:colcon.colcon_core.package_identification:_identify(.) by extension 'ignore_ament_install'
[0.595s] Level 1:colcon.colcon_core.package_identification:_identify(.) by extensions ['colcon_pkg']
[0.595s] Level 1:colcon.colcon_core.package_identification:_identify(.) by extension 'colcon_pkg'
[0.595s] Level 1:colcon.colcon_core.package_identification:_identify(.) by extensions ['colcon_meta']
[0.595s] Level 1:colcon.colcon_core.package_identification:_identify(.) by extension 'colcon_meta'
[0.596s] Level 1:colcon.colcon_core.package_identification:_identify(.) by extensions ['ros']
[0.596s] Level 1:colcon.colcon_core.package_identification:_identify(.) by extension 'ros'
[0.650s] Level 1:colcon.colcon_core.package_identification:_identify(.) by extensions ['cmake', 'python']
[0.650s] Level 1:colcon.colcon_core.package_identification:_identify(.) by extension 'cmake'
[0.650s] Level 1:colcon.colcon_core.package_identification:_identify(.) by extension 'python'
[0.651s] Level 1:colcon.colcon_core.package_identification:_identify(.) by extensions ['python_setup_py']
[0.651s] Level 1:colcon.colcon_core.package_identification:_identify(.) by extension 'python_setup_py'
[0.651s] Level 1:colcon.colcon_core.package_identification:_identify(build) by extensions ['ignore', 'ignore_ament_install']
[0.651s] Level 1:colcon.colcon_core.package_identification:_identify(build) by extension 'ignore'
[0.651s] Level 1:colcon.colcon_core.package_identification:_identify(build) ignored
[0.652s] Level 1:colcon.colcon_core.package_identification:_identify(install) by extensions ['ignore', 'ignore_ament_install']
[0.652s] Level 1:colcon.colcon_core.package_identification:_identify(install) by extension 'ignore'
[0.652s] Level 1:colcon.colcon_core.package_identification:_identify(install) ignored
[0.652s] Level 1:colcon.colcon_core.package_identification:_identify(log) by extensions ['ignore', 'ignore_ament_install']
[0.652s] Level 1:colcon.colcon_core.package_identification:_identify(log) by extension 'ignore'
[0.652s] Level 1:colcon.colcon_core.package_identification:_identify(log) ignored
[0.653s] Level 1:colcon.colcon_core.package_identification:_identify(src) by extensions ['ignore', 'ignore_ament_install']
[0.653s] Level 1:colcon.colcon_core.package_identification:_identify(src) by extension 'ignore'
[0.653s] Level 1:colcon.colcon_core.package_identification:_identify(src) by extension 'ignore_ament_install'
[0.653s] Level 1:colcon.colcon_core.package_identification:_identify(src) by extensions ['colcon_pkg']
[0.653s] Level 1:colcon.colcon_core.package_identification:_identify(src) by extension 'colcon_pkg'
[0.653s] Level 1:colcon.colcon_core.package_identification:_identify(src) by extensions ['colcon_meta']
[0.653s] Level 1:colcon.colcon_core.package_identification:_identify(src) by extension 'colcon_meta'
[0.653s] Level 1:colcon.colcon_core.package_identification:_identify(src) by extensions ['ros']
[0.653s] Level 1:colcon.colcon_core.package_identification:_identify(src) by extension 'ros'
[0.654s] Level 1:colcon.colcon_core.package_identification:_identify(src) by extensions ['cmake', 'python']
[0.654s] Level 1:colcon.colcon_core.package_identification:_identify(src) by extension 'cmake'
[0.654s] Level 1:colcon.colcon_core.package_identification:_identify(src) by extension 'python'
[0.654s] Level 1:colcon.colcon_core.package_identification:_identify(src) by extensions ['python_setup_py']
[0.654s] Level 1:colcon.colcon_core.package_identification:_identify(src) by extension 'python_setup_py'
[0.654s] Level 1:colcon.colcon_core.package_identification:_identify(src/household_robot_simulation) by extensions ['ignore', 'ignore_ament_install']
[0.654s] Level 1:colcon.colcon_core.package_identification:_identify(src/household_robot_simulation) by extension 'ignore'
[0.654s] Level 1:colcon.colcon_core.package_identification:_identify(src/household_robot_simulation) by extension 'ignore_ament_install'
[0.654s] Level 1:colcon.colcon_core.package_identification:_identify(src/household_robot_simulation) by extensions ['colcon_pkg']
[0.654s] Level 1:colcon.colcon_core.package_identification:_identify(src/household_robot_simulation) by extension 'colcon_pkg'
[0.654s] Level 1:colcon.colcon_core.package_identification:_identify(src/household_robot_simulation) by extensions ['colcon_meta']
[0.654s] Level 1:colcon.colcon_core.package_identification:_identify(src/household_robot_simulation) by extension 'colcon_meta'
[0.654s] Level 1:colcon.colcon_core.package_identification:_identify(src/household_robot_simulation) by extensions ['ros']
[0.654s] Level 1:colcon.colcon_core.package_identification:_identify(src/household_robot_simulation) by extension 'ros'
[0.659s] DEBUG:colcon.colcon_core.package_identification:Package 'src/household_robot_simulation' with type 'ros.ament_cmake' and name 'household_robot_simulation'
[0.659s] Level 1:colcon.colcon_core.package_discovery:discover_packages(recursive) using defaults
[0.659s] Level 1:colcon.colcon_core.package_discovery:discover_packages(ignore) discover
[0.659s] Level 1:colcon.colcon_core.package_discovery:discover_packages(ignore) using defaults
[0.659s] Level 1:colcon.colcon_core.package_discovery:discover_packages(path) discover
[0.659s] Level 1:colcon.colcon_core.package_discovery:discover_packages(path) using defaults
[0.708s] Level 1:colcon.colcon_core.package_discovery:discover_packages(prefix_path) check parameters
[0.709s] Level 1:colcon.colcon_core.package_discovery:discover_packages(prefix_path) discover
[0.718s] DEBUG:colcon.colcon_installed_package_information.package_discovery:Found 483 installed packages in /opt/ros/jazzy
[0.720s] Level 1:colcon.colcon_core.package_discovery:discover_packages(prefix_path) using defaults
[0.842s] Level 5:colcon.colcon_core.verb:set package 'household_robot_simulation' build argument 'cmake_args' from command line to 'None'
[0.842s] Level 5:colcon.colcon_core.verb:set package 'household_robot_simulation' build argument 'cmake_target' from command line to 'None'
[0.842s] Level 5:colcon.colcon_core.verb:set package 'household_robot_simulation' build argument 'cmake_target_skip_unavailable' from command line to 'False'
[0.842s] Level 5:colcon.colcon_core.verb:set package 'household_robot_simulation' build argument 'cmake_clean_cache' from command line to 'False'
[0.842s] Level 5:colcon.colcon_core.verb:set package 'household_robot_simulation' build argument 'cmake_clean_first' from command line to 'False'
[0.842s] Level 5:colcon.colcon_core.verb:set package 'household_robot_simulation' build argument 'cmake_force_configure' from command line to 'False'
[0.842s] Level 5:colcon.colcon_core.verb:set package 'household_robot_simulation' build argument 'ament_cmake_args' from command line to 'None'
[0.842s] Level 5:colcon.colcon_core.verb:set package 'household_robot_simulation' build argument 'catkin_cmake_args' from command line to 'None'
[0.842s] Level 5:colcon.colcon_core.verb:set package 'household_robot_simulation' build argument 'catkin_skip_building_tests' from command line to 'False'
[0.842s] DEBUG:colcon.colcon_core.verb:Building package 'household_robot_simulation' with the following arguments: {'ament_cmake_args': None, 'build_base': '/home/rudrarathod/ros2_ws/build/household_robot_simulation', 'catkin_cmake_args': None, 'catkin_skip_building_tests': False, 'cmake_args': None, 'cmake_clean_cache': False, 'cmake_clean_first': False, 'cmake_force_configure': False, 'cmake_target': None, 'cmake_target_skip_unavailable': False, 'install_base': '/home/rudrarathod/ros2_ws/install/household_robot_simulation', 'merge_install': False, 'path': '/home/rudrarathod/ros2_ws/src/household_robot_simulation', 'symlink_install': False, 'test_result_base': None}
[0.843s] INFO:colcon.colcon_core.executor:Executing jobs using 'parallel' executor
[0.845s] DEBUG:colcon.colcon_parallel_executor.executor.parallel:run_until_complete
[0.845s] INFO:colcon.colcon_ros.task.ament_cmake.build:Building ROS package in '/home/rudrarathod/ros2_ws/src/household_robot_simulation' with build type 'ament_cmake'
[0.845s] INFO:colcon.colcon_cmake.task.cmake.build:Building CMake package in '/home/rudrarathod/ros2_ws/src/household_robot_simulation'
[0.855s] INFO:colcon.colcon_core.plugin_system:Skipping extension 'colcon_core.shell.bat': Not used on non-Windows systems
[0.855s] INFO:colcon.colcon_core.shell:Skip shell extension 'powershell' for command environment: Not usable outside of PowerShell
[0.855s] DEBUG:colcon.colcon_core.shell:Skip shell extension 'dsv' for command environment
[0.881s] DEBUG:colcon.colcon_core.event_handler.log_command:Invoking command in '/home/rudrarathod/ros2_ws/build/household_robot_simulation': CMAKE_PREFIX_PATH=${CMAKE_PREFIX_PATH}:/opt/ros/jazzy DEBUGINFOD_URLS=https://debuginfod.ubuntu.com /usr/bin/cmake --build /home/rudrarathod/ros2_ws/build/household_robot_simulation -- -j8 -l8
[1.009s] DEBUG:colcon.colcon_core.event_handler.log_command:Invoked command in '/home/rudrarathod/ros2_ws/build/household_robot_simulation' returned '0': CMAKE_PREFIX_PATH=${CMAKE_PREFIX_PATH}:/opt/ros/jazzy DEBUGINFOD_URLS=https://debuginfod.ubuntu.com /usr/bin/cmake --build /home/rudrarathod/ros2_ws/build/household_robot_simulation -- -j8 -l8
[1.029s] DEBUG:colcon.colcon_core.event_handler.log_command:Invoking command in '/home/rudrarathod/ros2_ws/build/household_robot_simulation': CMAKE_PREFIX_PATH=${CMAKE_PREFIX_PATH}:/opt/ros/jazzy DEBUGINFOD_URLS=https://debuginfod.ubuntu.com /usr/bin/cmake --install /home/rudrarathod/ros2_ws/build/household_robot_simulation
[1.082s] Level 1:colcon.colcon_core.environment:create_environment_scripts_only(household_robot_simulation)
[1.084s] DEBUG:colcon.colcon_core.event_handler.log_command:Invoked command in '/home/rudrarathod/ros2_ws/build/household_robot_simulation' returned '0': CMAKE_PREFIX_PATH=${CMAKE_PREFIX_PATH}:/opt/ros/jazzy DEBUGINFOD_URLS=https://debuginfod.ubuntu.com /usr/bin/cmake --install /home/rudrarathod/ros2_ws/build/household_robot_simulation
[1.091s] Level 1:colcon.colcon_core.environment:checking '/home/rudrarathod/ros2_ws/install/household_robot_simulation' for CMake module files
[1.092s] Level 1:colcon.colcon_core.environment:checking '/home/rudrarathod/ros2_ws/install/household_robot_simulation' for CMake config files
[1.093s] Level 1:colcon.colcon_core.shell:create_environment_hook('household_robot_simulation', 'cmake_prefix_path')
[1.093s] INFO:colcon.colcon_core.shell:Creating environment hook '/home/rudrarathod/ros2_ws/install/household_robot_simulation/share/household_robot_simulation/hook/cmake_prefix_path.ps1'
[1.095s] INFO:colcon.colcon_core.shell:Creating environment descriptor '/home/rudrarathod/ros2_ws/install/household_robot_simulation/share/household_robot_simulation/hook/cmake_prefix_path.dsv'
[1.097s] INFO:colcon.colcon_core.shell:Creating environment hook '/home/rudrarathod/ros2_ws/install/household_robot_simulation/share/household_robot_simulation/hook/cmake_prefix_path.sh'
[1.098s] Level 1:colcon.colcon_core.environment:checking '/home/rudrarathod/ros2_ws/install/household_robot_simulation/lib'
[1.099s] Level 1:colcon.colcon_core.environment:checking '/home/rudrarathod/ros2_ws/install/household_robot_simulation/bin'
[1.099s] Level 1:colcon.colcon_core.environment:checking '/home/rudrarathod/ros2_ws/install/household_robot_simulation/lib/pkgconfig/household_robot_simulation.pc'
[1.099s] Level 1:colcon.colcon_core.environment:checking '/home/rudrarathod/ros2_ws/install/household_robot_simulation/lib/python3.12/site-packages'
[1.100s] Level 1:colcon.colcon_core.environment:checking '/home/rudrarathod/ros2_ws/install/household_robot_simulation/bin'
[1.100s] INFO:colcon.colcon_core.shell:Creating package script '/home/rudrarathod/ros2_ws/install/household_robot_simulation/share/household_robot_simulation/package.ps1'
[1.101s] INFO:colcon.colcon_core.shell:Creating package descriptor '/home/rudrarathod/ros2_ws/install/household_robot_simulation/share/household_robot_simulation/package.dsv'
[1.102s] INFO:colcon.colcon_core.shell:Creating package script '/home/rudrarathod/ros2_ws/install/household_robot_simulation/share/household_robot_simulation/package.sh'
[1.103s] INFO:colcon.colcon_core.shell:Creating package script '/home/rudrarathod/ros2_ws/install/household_robot_simulation/share/household_robot_simulation/package.bash'
[1.103s] INFO:colcon.colcon_core.shell:Creating package script '/home/rudrarathod/ros2_ws/install/household_robot_simulation/share/household_robot_simulation/package.zsh'
[1.104s] Level 1:colcon.colcon_core.environment:create_file_with_runtime_dependencies(/home/rudrarathod/ros2_ws/install/household_robot_simulation/share/colcon-core/packages/household_robot_simulation)
[1.105s] Level 1:colcon.colcon_core.environment:create_environment_scripts_only(household_robot_simulation)
[1.105s] Level 1:colcon.colcon_core.environment:checking '/home/rudrarathod/ros2_ws/install/household_robot_simulation' for CMake module files
[1.106s] Level 1:colcon.colcon_core.environment:checking '/home/rudrarathod/ros2_ws/install/household_robot_simulation' for CMake config files
[1.106s] Level 1:colcon.colcon_core.shell:create_environment_hook('household_robot_simulation', 'cmake_prefix_path')
[1.107s] INFO:colcon.colcon_core.shell:Creating environment hook '/home/rudrarathod/ros2_ws/install/household_robot_simulation/share/household_robot_simulation/hook/cmake_prefix_path.ps1'
[1.107s] INFO:colcon.colcon_core.shell:Creating environment descriptor '/home/rudrarathod/ros2_ws/install/household_robot_simulation/share/household_robot_simulation/hook/cmake_prefix_path.dsv'
[1.108s] INFO:colcon.colcon_core.shell:Creating environment hook '/home/rudrarathod/ros2_ws/install/household_robot_simulation/share/household_robot_simulation/hook/cmake_prefix_path.sh'
[1.109s] Level 1:colcon.colcon_core.environment:checking '/home/rudrarathod/ros2_ws/install/household_robot_simulation/lib'
[1.109s] Level 1:colcon.colcon_core.environment:checking '/home/rudrarathod/ros2_ws/install/household_robot_simulation/bin'
[1.109s] Level 1:colcon.colcon_core.environment:checking '/home/rudrarathod/ros2_ws/install/household_robot_simulation/lib/pkgconfig/household_robot_simulation.pc'
[1.109s] Level 1:colcon.colcon_core.environment:checking '/home/rudrarathod/ros2_ws/install/household_robot_simulation/lib/python3.12/site-packages'
[1.110s] Level 1:colcon.colcon_core.environment:checking '/home/rudrarathod/ros2_ws/install/household_robot_simulation/bin'
[1.110s] INFO:colcon.colcon_core.shell:Creating package script '/home/rudrarathod/ros2_ws/install/household_robot_simulation/share/household_robot_simulation/package.ps1'
[1.111s] INFO:colcon.colcon_core.shell:Creating package descriptor '/home/rudrarathod/ros2_ws/install/household_robot_simulation/share/household_robot_simulation/package.dsv'
[1.112s] INFO:colcon.colcon_core.shell:Creating package script '/home/rudrarathod/ros2_ws/install/household_robot_simulation/share/household_robot_simulation/package.sh'
[1.112s] INFO:colcon.colcon_core.shell:Creating package script '/home/rudrarathod/ros2_ws/install/household_robot_simulation/share/household_robot_simulation/package.bash'
[1.113s] INFO:colcon.colcon_core.shell:Creating package script '/home/rudrarathod/ros2_ws/install/household_robot_simulation/share/household_robot_simulation/package.zsh'
[1.113s] Level 1:colcon.colcon_core.environment:create_file_with_runtime_dependencies(/home/rudrarathod/ros2_ws/install/household_robot_simulation/share/colcon-core/packages/household_robot_simulation)
[1.114s] DEBUG:colcon.colcon_parallel_executor.executor.parallel:closing loop
[1.114s] DEBUG:colcon.colcon_parallel_executor.executor.parallel:loop closed
[1.114s] DEBUG:colcon.colcon_parallel_executor.executor.parallel:run_until_complete finished with '0'
[1.114s] DEBUG:colcon.colcon_core.event_reactor:joining thread
[1.132s] INFO:colcon.colcon_core.plugin_system:Skipping extension 'colcon_notification.desktop_notification.terminal_notifier': Not used on non-Darwin systems
[1.132s] INFO:colcon.colcon_core.plugin_system:Skipping extension 'colcon_notification.desktop_notification.win32': Not used on non-Windows systems
[1.132s] INFO:colcon.colcon_notification.desktop_notification:Sending desktop notification using 'notify2'
[1.156s] DEBUG:colcon.colcon_core.event_reactor:joined thread
[1.156s] INFO:colcon.colcon_core.shell:Creating prefix script '/home/rudrarathod/ros2_ws/install/local_setup.ps1'
[1.158s] INFO:colcon.colcon_core.shell:Creating prefix util module '/home/rudrarathod/ros2_ws/install/_local_setup_util_ps1.py'
[1.160s] INFO:colcon.colcon_core.shell:Creating prefix chain script '/home/rudrarathod/ros2_ws/install/setup.ps1'
[1.162s] INFO:colcon.colcon_core.shell:Creating prefix script '/home/rudrarathod/ros2_ws/install/local_setup.sh'
[1.163s] INFO:colcon.colcon_core.shell:Creating prefix util module '/home/rudrarathod/ros2_ws/install/_local_setup_util_sh.py'
[1.163s] INFO:colcon.colcon_core.shell:Creating prefix chain script '/home/rudrarathod/ros2_ws/install/setup.sh'
[1.165s] INFO:colcon.colcon_core.shell:Creating prefix script '/home/rudrarathod/ros2_ws/install/local_setup.bash'
[1.166s] INFO:colcon.colcon_core.shell:Creating prefix chain script '/home/rudrarathod/ros2_ws/install/setup.bash'
[1.168s] INFO:colcon.colcon_core.shell:Creating prefix script '/home/rudrarathod/ros2_ws/install/local_setup.zsh'
[1.169s] INFO:colcon.colcon_core.shell:Creating prefix chain script '/home/rudrarathod/ros2_ws/install/setup.zsh'
