[0.113s] Invoking command in '/home/rudrarathod/ros2_ws/build/household_robot_simulation': CMAKE_PREFIX_PATH=${CMAKE_PREFIX_PATH}:/opt/ros/jazzy DEBUGINFOD_URLS=https://debuginfod.ubuntu.com /usr/bin/cmake --build /home/rudrarathod/ros2_ws/build/household_robot_simulation -- -j8 -l8
[0.411s] Invoked command in '/home/rudrarathod/ros2_ws/build/household_robot_simulation' returned '0': CMAKE_PREFIX_PATH=${CMAKE_PREFIX_PATH}:/opt/ros/jazzy DEBUGINFOD_URLS=https://debuginfod.ubuntu.com /usr/bin/cmake --build /home/rudrarathod/ros2_ws/build/household_robot_simulation -- -j8 -l8
[0.470s] Invoking command in '/home/rudrarathod/ros2_ws/build/household_robot_simulation': CMAKE_PREFIX_PATH=${CMAKE_PREFIX_PATH}:/opt/ros/jazzy DEBUGINFOD_URLS=https://debuginfod.ubuntu.com /usr/bin/cmake --install /home/rudrarathod/ros2_ws/build/household_robot_simulation
[0.506s] -- Install configuration: ""
[0.519s] -- Execute custom install script
[0.519s] -- Up-to-date symlink: /home/rudrarathod/ros2_ws/install/household_robot_simulation/share/household_robot_simulation/launch/navigation.launch.py
[0.519s] -- Up-to-date symlink: /home/rudrarathod/ros2_ws/install/household_robot_simulation/share/household_robot_simulation/launch/simulation.launch.py
[0.522s] -- Up-to-date symlink: /home/rudrarathod/ros2_ws/install/household_robot_simulation/share/household_robot_simulation/worlds/house.sdf
[0.522s] -- Up-to-date symlink: /home/rudrarathod/ros2_ws/install/household_robot_simulation/share/household_robot_simulation/urdf/custom_robot.urdf
[0.522s] -- Up-to-date symlink: /home/rudrarathod/ros2_ws/install/household_robot_simulation/share/household_robot_simulation/rviz/robot.rviz
[0.522s] -- Up-to-date symlink: /home/rudrarathod/ros2_ws/install/household_robot_simulation/share/household_robot_simulation/config/bridge_config.yaml
[0.523s] -- Up-to-date symlink: /home/rudrarathod/ros2_ws/install/household_robot_simulation/share/household_robot_simulation/config/ekf.yaml
[0.523s] -- Up-to-date symlink: /home/rudrarathod/ros2_ws/install/household_robot_simulation/share/household_robot_simulation/config/nav2_params.yaml
[0.528s] -- Up-to-date symlink: /home/rudrarathod/ros2_ws/install/household_robot_simulation/share/household_robot_simulation/config/slam_toolbox_params.yaml
[0.531s] -- Up-to-date symlink: /home/rudrarathod/ros2_ws/install/household_robot_simulation/share/household_robot_simulation/maps/house_map.pgm
[0.532s] -- Up-to-date symlink: /home/rudrarathod/ros2_ws/install/household_robot_simulation/share/household_robot_simulation/maps/house_map.yaml
[0.532s] -- Up-to-date symlink: /home/rudrarathod/ros2_ws/install/household_robot_simulation/share/household_robot_simulation/materials/textures/face.jpg
[0.532s] -- Up-to-date symlink: /home/rudrarathod/ros2_ws/install/household_robot_simulation/share/household_robot_simulation/materials/textures/qr.png
[0.532s] -- Symlinking: /home/rudrarathod/ros2_ws/install/household_robot_simulation/share/household_robot_simulation/models/yolov5n.onnx
[0.586s] -- Up-to-date symlink: /home/rudrarathod/ros2_ws/install/household_robot_simulation/lib/household_robot_simulation/teleop_keyboard.py
[0.586s] -- Up-to-date symlink: /home/rudrarathod/ros2_ws/install/household_robot_simulation/lib/household_robot_simulation/cmd_vel_safety_filter.py
[0.586s] -- Up-to-date symlink: /home/rudrarathod/ros2_ws/install/household_robot_simulation/lib/household_robot_simulation/vision_processor.py
[0.589s] -- Up-to-date symlink: /home/rudrarathod/ros2_ws/install/household_robot_simulation/lib/household_robot_simulation/ai_processor.py
[0.590s] -- Up-to-date symlink: /home/rudrarathod/ros2_ws/install/household_robot_simulation/share/ament_index/resource_index/package_run_dependencies/household_robot_simulation
[0.590s] -- Up-to-date symlink: /home/rudrarathod/ros2_ws/install/household_robot_simulation/share/ament_index/resource_index/parent_prefix_path/household_robot_simulation
[0.590s] -- Up-to-date symlink: /home/rudrarathod/ros2_ws/install/household_robot_simulation/share/household_robot_simulation/environment/ament_prefix_path.sh
[0.591s] -- Up-to-date symlink: /home/rudrarathod/ros2_ws/install/household_robot_simulation/share/household_robot_simulation/environment/ament_prefix_path.dsv
[0.591s] -- Up-to-date symlink: /home/rudrarathod/ros2_ws/install/household_robot_simulation/share/household_robot_simulation/environment/path.sh
[0.593s] -- Up-to-date symlink: /home/rudrarathod/ros2_ws/install/household_robot_simulation/share/household_robot_simulation/environment/path.dsv
[0.594s] -- Up-to-date symlink: /home/rudrarathod/ros2_ws/install/household_robot_simulation/share/household_robot_simulation/local_setup.bash
[0.594s] -- Up-to-date symlink: /home/rudrarathod/ros2_ws/install/household_robot_simulation/share/household_robot_simulation/local_setup.sh
[0.594s] -- Up-to-date symlink: /home/rudrarathod/ros2_ws/install/household_robot_simulation/share/household_robot_simulation/local_setup.zsh
[0.594s] -- Up-to-date symlink: /home/rudrarathod/ros2_ws/install/household_robot_simulation/share/household_robot_simulation/local_setup.dsv
[0.595s] -- Symlinking: /home/rudrarathod/ros2_ws/install/household_robot_simulation/share/household_robot_simulation/package.dsv
[0.634s] -- Up-to-date symlink: /home/rudrarathod/ros2_ws/install/household_robot_simulation/share/ament_index/resource_index/packages/household_robot_simulation
[0.635s] -- Up-to-date symlink: /home/rudrarathod/ros2_ws/install/household_robot_simulation/share/household_robot_simulation/cmake/household_robot_simulationConfig.cmake
[0.635s] -- Up-to-date symlink: /home/rudrarathod/ros2_ws/install/household_robot_simulation/share/household_robot_simulation/cmake/household_robot_simulationConfig-version.cmake
[0.639s] -- Up-to-date symlink: /home/rudrarathod/ros2_ws/install/household_robot_simulation/share/household_robot_simulation/package.xml
[0.649s] Invoked command in '/home/rudrarathod/ros2_ws/build/household_robot_simulation' returned '0': CMAKE_PREFIX_PATH=${CMAKE_PREFIX_PATH}:/opt/ros/jazzy DEBUGINFOD_URLS=https://debuginfod.ubuntu.com /usr/bin/cmake --install /home/rudrarathod/ros2_ws/build/household_robot_simulation
